-- Install configuration: ""
-- Up-to-date: /root/ros2_ws/install/mini_tesla_description/share/mini_tesla_description/urdf
-- Up-to-date: /root/ros2_ws/install/mini_tesla_description/share/mini_tesla_description/urdf/mini_tesla.urdf.xacro
-- Up-to-date: /root/ros2_ws/install/mini_tesla_description/share/mini_tesla_description/urdf/gazebo.xacro
-- Up-to-date: /root/ros2_ws/install/mini_tesla_description/share/mini_tesla_description/urdf/sensors.xacro
-- Up-to-date: /root/ros2_ws/install/mini_tesla_description/share/mini_tesla_description/meshes
-- Up-to-date: /root/ros2_ws/install/mini_tesla_description/share/mini_tesla_description/meshes/deck.stl
-- Up-to-date: /root/ros2_ws/install/mini_tesla_description/share/mini_tesla_description/meshes/oak_d_lite.stl
-- Up-to-date: /root/ros2_ws/install/mini_tesla_description/share/mini_tesla_description/meshes/electronics.stl
-- Up-to-date: /root/ros2_ws/install/mini_tesla_description/share/mini_tesla_description/meshes/motors.stl
-- Up-to-date: /root/ros2_ws/install/mini_tesla_description/share/mini_tesla_description/meshes/wheel_right.stl
-- Up-to-date: /root/ros2_ws/install/mini_tesla_description/share/mini_tesla_description/meshes/wheel_left.stl
-- Up-to-date: /root/ros2_ws/install/mini_tesla_description/share/mini_tesla_description/meshes/chassis.stl
-- Up-to-date: /root/ros2_ws/install/mini_tesla_description/share/mini_tesla_description/meshes/mounts.stl
-- Up-to-date: /root/ros2_ws/install/mini_tesla_description/share/mini_tesla_description/meshes/sensor_mounts.stl
-- Up-to-date: /root/ros2_ws/install/mini_tesla_description/share/mini_tesla_description/launch
-- Up-to-date: /root/ros2_ws/install/mini_tesla_description/share/mini_tesla_description/launch/display.launch.py
-- Up-to-date: /root/ros2_ws/install/mini_tesla_description/share/mini_tesla_description/launch/sim.launch.py
-- Up-to-date: /root/ros2_ws/install/mini_tesla_description/share/mini_tesla_description/config
-- Up-to-date: /root/ros2_ws/install/mini_tesla_description/share/mini_tesla_description/config/mini_tesla.rviz
-- Up-to-date: /root/ros2_ws/install/mini_tesla_description/share/mini_tesla_description/config/bridge.yaml
-- Up-to-date: /root/ros2_ws/install/mini_tesla_description/share/mini_tesla_description/worlds
-- Up-to-date: /root/ros2_ws/install/mini_tesla_description/share/mini_tesla_description/worlds/test_arena.sdf
-- Up-to-date: /root/ros2_ws/install/mini_tesla_description/lib/mini_tesla_description/tof_to_range.py
-- Up-to-date: /root/ros2_ws/install/mini_tesla_description/share/ament_index/resource_index/package_run_dependencies/mini_tesla_description
-- Up-to-date: /root/ros2_ws/install/mini_tesla_description/share/ament_index/resource_index/parent_prefix_path/mini_tesla_description
-- Up-to-date: /root/ros2_ws/install/mini_tesla_description/share/mini_tesla_description/environment/ament_prefix_path.sh
-- Up-to-date: /root/ros2_ws/install/mini_tesla_description/share/mini_tesla_description/environment/ament_prefix_path.dsv
-- Up-to-date: /root/ros2_ws/install/mini_tesla_description/share/mini_tesla_description/environment/path.sh
-- Up-to-date: /root/ros2_ws/install/mini_tesla_description/share/mini_tesla_description/environment/path.dsv
-- Up-to-date: /root/ros2_ws/install/mini_tesla_description/share/mini_tesla_description/local_setup.bash
-- Up-to-date: /root/ros2_ws/install/mini_tesla_description/share/mini_tesla_description/local_setup.sh
-- Up-to-date: /root/ros2_ws/install/mini_tesla_description/share/mini_tesla_description/local_setup.zsh
-- Up-to-date: /root/ros2_ws/install/mini_tesla_description/share/mini_tesla_description/local_setup.dsv
-- Up-to-date: /root/ros2_ws/install/mini_tesla_description/share/mini_tesla_description/package.dsv
-- Up-to-date: /root/ros2_ws/install/mini_tesla_description/share/ament_index/resource_index/packages/mini_tesla_description
-- Up-to-date: /root/ros2_ws/install/mini_tesla_description/share/mini_tesla_description/cmake/mini_tesla_descriptionConfig.cmake
-- Up-to-date: /root/ros2_ws/install/mini_tesla_description/share/mini_tesla_description/cmake/mini_tesla_descriptionConfig-version.cmake
-- Up-to-date: /root/ros2_ws/install/mini_tesla_description/share/mini_tesla_description/package.xml
