[0.017s] Invoking command in '/root/ros2_ws/build/tesla_description': /usr/bin/cmake --build /root/ros2_ws/build/tesla_description -- -j16 -l16
[0.106s] Invoked command in '/root/ros2_ws/build/tesla_description' returned '0': /usr/bin/cmake --build /root/ros2_ws/build/tesla_description -- -j16 -l16
[0.123s] Invoking command in '/root/ros2_ws/build/tesla_description': /usr/bin/cmake --install /root/ros2_ws/build/tesla_description
[0.140s] -- Install configuration: ""
[0.140s] -- Up-to-date: /root/ros2_ws/install/tesla_description/share/tesla_description/launch
[0.140s] -- Up-to-date: /root/ros2_ws/install/tesla_description/share/tesla_description/launch/display.launch.py
[0.140s] -- Up-to-date: /root/ros2_ws/install/tesla_description/share/tesla_description/urdf
[0.141s] -- Up-to-date: /root/ros2_ws/install/tesla_description/share/tesla_description/urdf/robot.urdf.xacro
[0.141s] -- Up-to-date: /root/ros2_ws/install/tesla_description/share/tesla_description/rviz
[0.141s] -- Up-to-date: /root/ros2_ws/install/tesla_description/share/ament_index/resource_index/package_run_dependencies/tesla_description
[0.141s] -- Up-to-date: /root/ros2_ws/install/tesla_description/share/ament_index/resource_index/parent_prefix_path/tesla_description
[0.141s] -- Up-to-date: /root/ros2_ws/install/tesla_description/share/tesla_description/environment/ament_prefix_path.sh
[0.141s] -- Up-to-date: /root/ros2_ws/install/tesla_description/share/tesla_description/environment/ament_prefix_path.dsv
[0.141s] -- Up-to-date: /root/ros2_ws/install/tesla_description/share/tesla_description/environment/path.sh
[0.141s] -- Up-to-date: /root/ros2_ws/install/tesla_description/share/tesla_description/environment/path.dsv
[0.141s] -- Up-to-date: /root/ros2_ws/install/tesla_description/share/tesla_description/local_setup.bash
[0.141s] -- Up-to-date: /root/ros2_ws/install/tesla_description/share/tesla_description/local_setup.sh
[0.142s] -- Up-to-date: /root/ros2_ws/install/tesla_description/share/tesla_description/local_setup.zsh
[0.142s] -- Up-to-date: /root/ros2_ws/install/tesla_description/share/tesla_description/local_setup.dsv
[0.142s] -- Installing: /root/ros2_ws/install/tesla_description/share/tesla_description/package.dsv
[0.142s] -- Up-to-date: /root/ros2_ws/install/tesla_description/share/ament_index/resource_index/packages/tesla_description
[0.142s] -- Up-to-date: /root/ros2_ws/install/tesla_description/share/tesla_description/cmake/tesla_descriptionConfig.cmake
[0.142s] -- Up-to-date: /root/ros2_ws/install/tesla_description/share/tesla_description/cmake/tesla_descriptionConfig-version.cmake
[0.142s] -- Up-to-date: /root/ros2_ws/install/tesla_description/share/tesla_description/package.xml
[0.144s] Invoked command in '/root/ros2_ws/build/tesla_description' returned '0': /usr/bin/cmake --install /root/ros2_ws/build/tesla_description
