[0.010s] Invoking command in '/root/ros2_ws/build/tesla_description': CMAKE_PREFIX_PATH=${CMAKE_PREFIX_PATH}:/opt/ros/jazzy /usr/bin/cmake --build /root/ros2_ws/build/tesla_description -- -j16 -l16
[0.049s] Invoked command in '/root/ros2_ws/build/tesla_description' returned '0': CMAKE_PREFIX_PATH=${CMAKE_PREFIX_PATH}:/opt/ros/jazzy /usr/bin/cmake --build /root/ros2_ws/build/tesla_description -- -j16 -l16
[0.057s] Invoking command in '/root/ros2_ws/build/tesla_description': CMAKE_PREFIX_PATH=${CMAKE_PREFIX_PATH}:/opt/ros/jazzy /usr/bin/cmake --install /root/ros2_ws/build/tesla_description
[0.065s] -- Install configuration: ""
[0.065s] -- Up-to-date: /root/ros2_ws/install/tesla_description/share/ament_index/resource_index/package_run_dependencies/tesla_description
[0.065s] -- Up-to-date: /root/ros2_ws/install/tesla_description/share/ament_index/resource_index/parent_prefix_path/tesla_description
[0.065s] -- Up-to-date: /root/ros2_ws/install/tesla_description/share/tesla_description/environment/ament_prefix_path.sh
[0.066s] -- Up-to-date: /root/ros2_ws/install/tesla_description/share/tesla_description/environment/ament_prefix_path.dsv
[0.066s] -- Up-to-date: /root/ros2_ws/install/tesla_description/share/tesla_description/environment/path.sh
[0.066s] -- Up-to-date: /root/ros2_ws/install/tesla_description/share/tesla_description/environment/path.dsv
[0.066s] -- Up-to-date: /root/ros2_ws/install/tesla_description/share/tesla_description/local_setup.bash
[0.066s] -- Up-to-date: /root/ros2_ws/install/tesla_description/share/tesla_description/local_setup.sh
[0.066s] -- Up-to-date: /root/ros2_ws/install/tesla_description/share/tesla_description/local_setup.zsh
[0.066s] -- Up-to-date: /root/ros2_ws/install/tesla_description/share/tesla_description/local_setup.dsv
[0.066s] -- Installing: /root/ros2_ws/install/tesla_description/share/tesla_description/package.dsv
[0.066s] -- Up-to-date: /root/ros2_ws/install/tesla_description/share/ament_index/resource_index/packages/tesla_description
[0.066s] -- Up-to-date: /root/ros2_ws/install/tesla_description/share/tesla_description/cmake/tesla_descriptionConfig.cmake
[0.066s] -- Up-to-date: /root/ros2_ws/install/tesla_description/share/tesla_description/cmake/tesla_descriptionConfig-version.cmake
[0.066s] -- Up-to-date: /root/ros2_ws/install/tesla_description/share/tesla_description/package.xml
[0.067s] Invoked command in '/root/ros2_ws/build/tesla_description' returned '0': CMAKE_PREFIX_PATH=${CMAKE_PREFIX_PATH}:/opt/ros/jazzy /usr/bin/cmake --install /root/ros2_ws/build/tesla_description
