[0.014s] Invoking command in '/root/ros2_ws/build/mini_tesla_description': /usr/bin/cmake /root/ros2_ws/src/mini_tesla_description -DCMAKE_INSTALL_PREFIX=/root/ros2_ws/install/mini_tesla_description
[0.167s] -- The C compiler identification is GNU 13.3.0
[0.285s] -- The CXX compiler identification is GNU 13.3.0
[0.317s] -- Detecting C compiler ABI info
[0.466s] -- Detecting C compiler ABI info - done
[0.479s] -- Check for working C compiler: /usr/bin/cc - skipped
[0.481s] -- Detecting C compile features
[0.482s] -- Detecting C compile features - done
[0.500s] -- Detecting CXX compiler ABI info
[0.664s] -- Detecting CXX compiler ABI info - done
[0.678s] -- Check for working CXX compiler: /usr/bin/c++ - skipped
[0.679s] -- Detecting CXX compile features
[0.679s] -- Detecting CXX compile features - done
[0.704s] [31mCMake Error at CMakeLists.txt:4 (find_package):
[0.704s]   By not providing "Findament_cmake.cmake" in CMAKE_MODULE_PATH this project
[0.705s]   has asked CMake to find a package configuration file provided by
[0.705s]   "ament_cmake", but CMake did not find one.
[0.705s] 
[0.705s]   Could not find a package configuration file provided by "ament_cmake" with
[0.705s]   any of the following names:
[0.705s] 
[0.705s]     ament_cmakeConfig.cmake
[0.705s]     ament_cmake-config.cmake
[0.705s] 
[0.706s]   Add the installation prefix of "ament_cmake" to CMAKE_PREFIX_PATH or set
[0.706s]   "ament_cmake_DIR" to a directory containing one of the above files.  If
[0.706s]   "ament_cmake" provides a separate development package or SDK, be sure it
[0.706s]   has been installed.
[0.706s] 
[0.706s] [0m
[0.706s] -- Configuring incomplete, errors occurred!
[0.711s] Invoked command in '/root/ros2_ws/build/mini_tesla_description' returned '1': /usr/bin/cmake /root/ros2_ws/src/mini_tesla_description -DCMAKE_INSTALL_PREFIX=/root/ros2_ws/install/mini_tesla_description
