[0.000000] (-) TimerEvent: {}
[0.000100] (mini_tesla_description) JobQueued: {'identifier': 'mini_tesla_description', 'dependencies': OrderedDict()}
[0.000139] (tesla_description) JobQueued: {'identifier': 'tesla_description', 'dependencies': OrderedDict()}
[0.000200] (mini_tesla_description) JobStarted: {'identifier': 'mini_tesla_description'}
[0.011923] (tesla_description) JobStarted: {'identifier': 'tesla_description'}
[0.020536] (mini_tesla_description) JobProgress: {'identifier': 'mini_tesla_description', 'progress': 'cmake'}
[0.021930] (mini_tesla_description) Command: {'cmd': ['/usr/bin/cmake', '/root/ros2_ws/src/mini_tesla_description', '-DCMAKE_INSTALL_PREFIX=/root/ros2_ws/install/mini_tesla_description'], 'cwd': '/root/ros2_ws/build/mini_tesla_description', 'env': OrderedDict({'GZ_SIM_RESOURCE_PATH': '/opt/ros/jazzy/share', 'GZ_CONFIG_PATH': '/opt/ros/jazzy/opt/gz_sim_vendor/share/gz:/opt/ros/jazzy/opt/sdformat_vendor/share/gz:/opt/ros/jazzy/opt/gz_gui_vendor/share/gz:/opt/ros/jazzy/opt/gz_transport_vendor/share/gz:/opt/ros/jazzy/opt/gz_rendering_vendor/share/gz:/opt/ros/jazzy/opt/gz_plugin_vendor/share/gz:/opt/ros/jazzy/opt/gz_fuel_tools_vendor/share/gz:/opt/ros/jazzy/opt/gz_msgs_vendor/share/gz:/opt/ros/jazzy/opt/gz_common_vendor/share/gz', 'HOSTNAME': 'advuser', 'SHLVL': '1', 'LD_LIBRARY_PATH': '/opt/ros/jazzy/opt/gz_sim_vendor/lib:/opt/ros/jazzy/opt/gz_sensors_vendor/lib:/opt/ros/jazzy/opt/gz_physics_vendor/lib:/opt/ros/jazzy/opt/sdformat_vendor/lib:/opt/ros/jazzy/opt/rviz_ogre_vendor/lib:/opt/ros/jazzy/lib/x86_64-linux-gnu:/opt/ros/jazzy/opt/gz_gui_vendor/lib:/opt/ros/jazzy/opt/gz_transport_vendor/lib:/opt/ros/jazzy/opt/gz_rendering_vendor/lib:/opt/ros/jazzy/opt/gz_plugin_vendor/lib:/opt/ros/jazzy/opt/gz_fuel_tools_vendor/lib:/opt/ros/jazzy/opt/gz_msgs_vendor/lib:/opt/ros/jazzy/opt/gz_common_vendor/lib:/opt/ros/jazzy/opt/gz_math_vendor/lib:/opt/ros/jazzy/opt/gz_utils_vendor/lib:/opt/ros/jazzy/opt/gz_tools_vendor/lib:/opt/ros/jazzy/opt/gz_ogre_next_vendor/lib:/opt/ros/jazzy/opt/gz_dartsim_vendor/lib:/opt/ros/jazzy/opt/gz_cmake_vendor/lib:/opt/ros/jazzy/lib', 'HOME': '/root', 'OLDPWD': '/', 'ROS_PYTHON_VERSION': '3', 'ROS_DISTRO': 'jazzy', '_': '/usr/bin/colcon', 'ROS_VERSION': '2', 'QT_X11_NO_MITSHM': '1', 'PATH': '/opt/ros/jazzy/opt/gz_msgs_vendor/bin:/opt/ros/jazzy/opt/gz_tools_vendor/bin:/opt/ros/jazzy/opt/gz_ogre_next_vendor/bin:/opt/ros/jazzy/bin:/usr/local/sbin:/usr/local/bin:/usr/sbin:/usr/bin:/sbin:/bin', 'DISPLAY': ':0', 'LANG': 'C.UTF-8', 'AMENT_PREFIX_PATH': '/opt/ros/jazzy', 'ROS_AUTOMATIC_DISCOVERY_RANGE': 'SUBNET', 'PWD': '/root/ros2_ws/build/mini_tesla_description', 'LC_ALL': 'C.UTF-8', 'PYTHONPATH': '/opt/ros/jazzy/lib/python3.12/site-packages', 'COLCON': '1', 'CMAKE_PREFIX_PATH': '/opt/ros/jazzy/opt/gz_sim_vendor:/opt/ros/jazzy/opt/gz_sensors_vendor:/opt/ros/jazzy/opt/gz_physics_vendor:/opt/ros/jazzy/opt/sdformat_vendor:/opt/ros/jazzy/opt/gz_gui_vendor:/opt/ros/jazzy/opt/gz_transport_vendor:/opt/ros/jazzy/opt/gz_rendering_vendor:/opt/ros/jazzy/opt/gz_plugin_vendor:/opt/ros/jazzy/opt/gz_fuel_tools_vendor:/opt/ros/jazzy/opt/gz_msgs_vendor:/opt/ros/jazzy/opt/gz_common_vendor:/opt/ros/jazzy/opt/gz_math_vendor:/opt/ros/jazzy/opt/gz_utils_vendor:/opt/ros/jazzy/opt/gz_tools_vendor:/opt/ros/jazzy/opt/gz_ogre_next_vendor:/opt/ros/jazzy/opt/gz_dartsim_vendor:/opt/ros/jazzy/opt/gz_cmake_vendor:/opt/ros/jazzy'}), 'shell': False}
[0.024302] (tesla_description) JobProgress: {'identifier': 'tesla_description', 'progress': 'cmake'}
[0.024973] (tesla_description) JobProgress: {'identifier': 'tesla_description', 'progress': 'build'}
[0.025829] (tesla_description) Command: {'cmd': ['/usr/bin/cmake', '--build', '/root/ros2_ws/build/tesla_description', '--', '-j16', '-l16'], 'cwd': '/root/ros2_ws/build/tesla_description', 'env': OrderedDict({'GZ_SIM_RESOURCE_PATH': '/opt/ros/jazzy/share', 'GZ_CONFIG_PATH': '/opt/ros/jazzy/opt/gz_sim_vendor/share/gz:/opt/ros/jazzy/opt/sdformat_vendor/share/gz:/opt/ros/jazzy/opt/gz_gui_vendor/share/gz:/opt/ros/jazzy/opt/gz_transport_vendor/share/gz:/opt/ros/jazzy/opt/gz_rendering_vendor/share/gz:/opt/ros/jazzy/opt/gz_plugin_vendor/share/gz:/opt/ros/jazzy/opt/gz_fuel_tools_vendor/share/gz:/opt/ros/jazzy/opt/gz_msgs_vendor/share/gz:/opt/ros/jazzy/opt/gz_common_vendor/share/gz', 'HOSTNAME': 'advuser', 'SHLVL': '1', 'LD_LIBRARY_PATH': '/opt/ros/jazzy/opt/gz_sim_vendor/lib:/opt/ros/jazzy/opt/gz_sensors_vendor/lib:/opt/ros/jazzy/opt/gz_physics_vendor/lib:/opt/ros/jazzy/opt/sdformat_vendor/lib:/opt/ros/jazzy/opt/rviz_ogre_vendor/lib:/opt/ros/jazzy/lib/x86_64-linux-gnu:/opt/ros/jazzy/opt/gz_gui_vendor/lib:/opt/ros/jazzy/opt/gz_transport_vendor/lib:/opt/ros/jazzy/opt/gz_rendering_vendor/lib:/opt/ros/jazzy/opt/gz_plugin_vendor/lib:/opt/ros/jazzy/opt/gz_fuel_tools_vendor/lib:/opt/ros/jazzy/opt/gz_msgs_vendor/lib:/opt/ros/jazzy/opt/gz_common_vendor/lib:/opt/ros/jazzy/opt/gz_math_vendor/lib:/opt/ros/jazzy/opt/gz_utils_vendor/lib:/opt/ros/jazzy/opt/gz_tools_vendor/lib:/opt/ros/jazzy/opt/gz_ogre_next_vendor/lib:/opt/ros/jazzy/opt/gz_dartsim_vendor/lib:/opt/ros/jazzy/opt/gz_cmake_vendor/lib:/opt/ros/jazzy/lib', 'HOME': '/root', 'OLDPWD': '/', 'ROS_PYTHON_VERSION': '3', 'ROS_DISTRO': 'jazzy', '_': '/usr/bin/colcon', 'ROS_VERSION': '2', 'QT_X11_NO_MITSHM': '1', 'PATH': '/opt/ros/jazzy/opt/gz_msgs_vendor/bin:/opt/ros/jazzy/opt/gz_tools_vendor/bin:/opt/ros/jazzy/opt/gz_ogre_next_vendor/bin:/opt/ros/jazzy/bin:/usr/local/sbin:/usr/local/bin:/usr/sbin:/usr/bin:/sbin:/bin', 'DISPLAY': ':0', 'LANG': 'C.UTF-8', 'AMENT_PREFIX_PATH': '/opt/ros/jazzy', 'ROS_AUTOMATIC_DISCOVERY_RANGE': 'SUBNET', 'PWD': '/root/ros2_ws/build/tesla_description', 'LC_ALL': 'C.UTF-8', 'PYTHONPATH': '/opt/ros/jazzy/lib/python3.12/site-packages', 'COLCON': '1', 'CMAKE_PREFIX_PATH': '/opt/ros/jazzy/opt/gz_sim_vendor:/opt/ros/jazzy/opt/gz_sensors_vendor:/opt/ros/jazzy/opt/gz_physics_vendor:/opt/ros/jazzy/opt/sdformat_vendor:/opt/ros/jazzy/opt/gz_gui_vendor:/opt/ros/jazzy/opt/gz_transport_vendor:/opt/ros/jazzy/opt/gz_rendering_vendor:/opt/ros/jazzy/opt/gz_plugin_vendor:/opt/ros/jazzy/opt/gz_fuel_tools_vendor:/opt/ros/jazzy/opt/gz_msgs_vendor:/opt/ros/jazzy/opt/gz_common_vendor:/opt/ros/jazzy/opt/gz_math_vendor:/opt/ros/jazzy/opt/gz_utils_vendor:/opt/ros/jazzy/opt/gz_tools_vendor:/opt/ros/jazzy/opt/gz_ogre_next_vendor:/opt/ros/jazzy/opt/gz_dartsim_vendor:/opt/ros/jazzy/opt/gz_cmake_vendor:/opt/ros/jazzy'}), 'shell': False}
[0.065962] (mini_tesla_description) StdoutLine: {'line': b'-- Found ament_cmake: 2.5.6 (/opt/ros/jazzy/share/ament_cmake/cmake)\n'}
[0.098875] (-) TimerEvent: {}
[0.103943] (tesla_description) CommandEnded: {'returncode': 0}
[0.105077] (tesla_description) JobProgress: {'identifier': 'tesla_description', 'progress': 'install'}
[0.120517] (tesla_description) Command: {'cmd': ['/usr/bin/cmake', '--install', '/root/ros2_ws/build/tesla_description'], 'cwd': '/root/ros2_ws/build/tesla_description', 'env': OrderedDict({'GZ_SIM_RESOURCE_PATH': '/opt/ros/jazzy/share', 'GZ_CONFIG_PATH': '/opt/ros/jazzy/opt/gz_sim_vendor/share/gz:/opt/ros/jazzy/opt/sdformat_vendor/share/gz:/opt/ros/jazzy/opt/gz_gui_vendor/share/gz:/opt/ros/jazzy/opt/gz_transport_vendor/share/gz:/opt/ros/jazzy/opt/gz_rendering_vendor/share/gz:/opt/ros/jazzy/opt/gz_plugin_vendor/share/gz:/opt/ros/jazzy/opt/gz_fuel_tools_vendor/share/gz:/opt/ros/jazzy/opt/gz_msgs_vendor/share/gz:/opt/ros/jazzy/opt/gz_common_vendor/share/gz', 'HOSTNAME': 'advuser', 'SHLVL': '1', 'LD_LIBRARY_PATH': '/opt/ros/jazzy/opt/gz_sim_vendor/lib:/opt/ros/jazzy/opt/gz_sensors_vendor/lib:/opt/ros/jazzy/opt/gz_physics_vendor/lib:/opt/ros/jazzy/opt/sdformat_vendor/lib:/opt/ros/jazzy/opt/rviz_ogre_vendor/lib:/opt/ros/jazzy/lib/x86_64-linux-gnu:/opt/ros/jazzy/opt/gz_gui_vendor/lib:/opt/ros/jazzy/opt/gz_transport_vendor/lib:/opt/ros/jazzy/opt/gz_rendering_vendor/lib:/opt/ros/jazzy/opt/gz_plugin_vendor/lib:/opt/ros/jazzy/opt/gz_fuel_tools_vendor/lib:/opt/ros/jazzy/opt/gz_msgs_vendor/lib:/opt/ros/jazzy/opt/gz_common_vendor/lib:/opt/ros/jazzy/opt/gz_math_vendor/lib:/opt/ros/jazzy/opt/gz_utils_vendor/lib:/opt/ros/jazzy/opt/gz_tools_vendor/lib:/opt/ros/jazzy/opt/gz_ogre_next_vendor/lib:/opt/ros/jazzy/opt/gz_dartsim_vendor/lib:/opt/ros/jazzy/opt/gz_cmake_vendor/lib:/opt/ros/jazzy/lib', 'HOME': '/root', 'OLDPWD': '/', 'ROS_PYTHON_VERSION': '3', 'ROS_DISTRO': 'jazzy', '_': '/usr/bin/colcon', 'ROS_VERSION': '2', 'QT_X11_NO_MITSHM': '1', 'PATH': '/opt/ros/jazzy/opt/gz_msgs_vendor/bin:/opt/ros/jazzy/opt/gz_tools_vendor/bin:/opt/ros/jazzy/opt/gz_ogre_next_vendor/bin:/opt/ros/jazzy/bin:/usr/local/sbin:/usr/local/bin:/usr/sbin:/usr/bin:/sbin:/bin', 'DISPLAY': ':0', 'LANG': 'C.UTF-8', 'AMENT_PREFIX_PATH': '/opt/ros/jazzy', 'ROS_AUTOMATIC_DISCOVERY_RANGE': 'SUBNET', 'PWD': '/root/ros2_ws/build/tesla_description', 'LC_ALL': 'C.UTF-8', 'PYTHONPATH': '/opt/ros/jazzy/lib/python3.12/site-packages', 'COLCON': '1', 'CMAKE_PREFIX_PATH': '/opt/ros/jazzy/opt/gz_sim_vendor:/opt/ros/jazzy/opt/gz_sensors_vendor:/opt/ros/jazzy/opt/gz_physics_vendor:/opt/ros/jazzy/opt/sdformat_vendor:/opt/ros/jazzy/opt/gz_gui_vendor:/opt/ros/jazzy/opt/gz_transport_vendor:/opt/ros/jazzy/opt/gz_rendering_vendor:/opt/ros/jazzy/opt/gz_plugin_vendor:/opt/ros/jazzy/opt/gz_fuel_tools_vendor:/opt/ros/jazzy/opt/gz_msgs_vendor:/opt/ros/jazzy/opt/gz_common_vendor:/opt/ros/jazzy/opt/gz_math_vendor:/opt/ros/jazzy/opt/gz_utils_vendor:/opt/ros/jazzy/opt/gz_tools_vendor:/opt/ros/jazzy/opt/gz_ogre_next_vendor:/opt/ros/jazzy/opt/gz_dartsim_vendor:/opt/ros/jazzy/opt/gz_cmake_vendor:/opt/ros/jazzy'}), 'shell': False}
[0.143298] (tesla_description) StdoutLine: {'line': b'-- Install configuration: ""\n'}
[0.144213] (tesla_description) StdoutLine: {'line': b'-- Up-to-date: /root/ros2_ws/install/tesla_description/share/tesla_description/launch\n'}
[0.144589] (tesla_description) StdoutLine: {'line': b'-- Up-to-date: /root/ros2_ws/install/tesla_description/share/tesla_description/launch/display.launch.py\n'}
[0.144721] (tesla_description) StdoutLine: {'line': b'-- Up-to-date: /root/ros2_ws/install/tesla_description/share/tesla_description/urdf\n'}
[0.144841] (tesla_description) StdoutLine: {'line': b'-- Up-to-date: /root/ros2_ws/install/tesla_description/share/tesla_description/urdf/robot.urdf.xacro\n'}
[0.145001] (tesla_description) StdoutLine: {'line': b'-- Up-to-date: /root/ros2_ws/install/tesla_description/share/tesla_description/rviz\n'}
[0.145113] (tesla_description) StdoutLine: {'line': b'-- Up-to-date: /root/ros2_ws/install/tesla_description/share/ament_index/resource_index/package_run_dependencies/tesla_description\n'}
[0.145207] (tesla_description) StdoutLine: {'line': b'-- Up-to-date: /root/ros2_ws/install/tesla_description/share/ament_index/resource_index/parent_prefix_path/tesla_description\n'}
[0.145315] (tesla_description) StdoutLine: {'line': b'-- Up-to-date: /root/ros2_ws/install/tesla_description/share/tesla_description/environment/ament_prefix_path.sh\n'}
[0.145413] (tesla_description) StdoutLine: {'line': b'-- Up-to-date: /root/ros2_ws/install/tesla_description/share/tesla_description/environment/ament_prefix_path.dsv\n'}
[0.145508] (tesla_description) StdoutLine: {'line': b'-- Up-to-date: /root/ros2_ws/install/tesla_description/share/tesla_description/environment/path.sh\n'}
[0.145610] (tesla_description) StdoutLine: {'line': b'-- Up-to-date: /root/ros2_ws/install/tesla_description/share/tesla_description/environment/path.dsv\n'}
[0.145712] (tesla_description) StdoutLine: {'line': b'-- Up-to-date: /root/ros2_ws/install/tesla_description/share/tesla_description/local_setup.bash\n'}
[0.145817] (tesla_description) StdoutLine: {'line': b'-- Up-to-date: /root/ros2_ws/install/tesla_description/share/tesla_description/local_setup.sh\n'}
[0.145923] (tesla_description) StdoutLine: {'line': b'-- Up-to-date: /root/ros2_ws/install/tesla_description/share/tesla_description/local_setup.zsh\n'}
[0.146077] (tesla_description) StdoutLine: {'line': b'-- Up-to-date: /root/ros2_ws/install/tesla_description/share/tesla_description/local_setup.dsv\n'}
[0.146187] (tesla_description) StdoutLine: {'line': b'-- Installing: /root/ros2_ws/install/tesla_description/share/tesla_description/package.dsv\n'}
[0.146282] (tesla_description) StdoutLine: {'line': b'-- Up-to-date: /root/ros2_ws/install/tesla_description/share/ament_index/resource_index/packages/tesla_description\n'}
[0.146388] (tesla_description) StdoutLine: {'line': b'-- Up-to-date: /root/ros2_ws/install/tesla_description/share/tesla_description/cmake/tesla_descriptionConfig.cmake\n'}
[0.146484] (tesla_description) StdoutLine: {'line': b'-- Up-to-date: /root/ros2_ws/install/tesla_description/share/tesla_description/cmake/tesla_descriptionConfig-version.cmake\n'}
[0.146576] (tesla_description) StdoutLine: {'line': b'-- Up-to-date: /root/ros2_ws/install/tesla_description/share/tesla_description/package.xml\n'}
[0.147654] (tesla_description) CommandEnded: {'returncode': 0}
[0.173357] (tesla_description) JobEnded: {'identifier': 'tesla_description', 'rc': 0}
[0.199008] (-) TimerEvent: {}
[0.299277] (-) TimerEvent: {}
[0.319472] (mini_tesla_description) StdoutLine: {'line': b'-- Found Python3: /usr/bin/python3 (found version "3.12.3") found components: Interpreter \n'}
[0.399430] (-) TimerEvent: {}
[0.499787] (-) TimerEvent: {}
[0.600156] (-) TimerEvent: {}
[0.695015] (mini_tesla_description) StdoutLine: {'line': b'-- Configuring done (0.6s)\n'}
[0.699632] (mini_tesla_description) StdoutLine: {'line': b'-- Generating done (0.0s)\n'}
[0.700205] (-) TimerEvent: {}
[0.701775] (mini_tesla_description) StdoutLine: {'line': b'-- Build files have been written to: /root/ros2_ws/build/mini_tesla_description\n'}
[0.706514] (mini_tesla_description) CommandEnded: {'returncode': 0}
[0.708010] (mini_tesla_description) JobProgress: {'identifier': 'mini_tesla_description', 'progress': 'build'}
[0.708772] (mini_tesla_description) Command: {'cmd': ['/usr/bin/cmake', '--build', '/root/ros2_ws/build/mini_tesla_description', '--', '-j16', '-l16'], 'cwd': '/root/ros2_ws/build/mini_tesla_description', 'env': OrderedDict({'GZ_SIM_RESOURCE_PATH': '/opt/ros/jazzy/share', 'GZ_CONFIG_PATH': '/opt/ros/jazzy/opt/gz_sim_vendor/share/gz:/opt/ros/jazzy/opt/sdformat_vendor/share/gz:/opt/ros/jazzy/opt/gz_gui_vendor/share/gz:/opt/ros/jazzy/opt/gz_transport_vendor/share/gz:/opt/ros/jazzy/opt/gz_rendering_vendor/share/gz:/opt/ros/jazzy/opt/gz_plugin_vendor/share/gz:/opt/ros/jazzy/opt/gz_fuel_tools_vendor/share/gz:/opt/ros/jazzy/opt/gz_msgs_vendor/share/gz:/opt/ros/jazzy/opt/gz_common_vendor/share/gz', 'HOSTNAME': 'advuser', 'SHLVL': '1', 'LD_LIBRARY_PATH': '/opt/ros/jazzy/opt/gz_sim_vendor/lib:/opt/ros/jazzy/opt/gz_sensors_vendor/lib:/opt/ros/jazzy/opt/gz_physics_vendor/lib:/opt/ros/jazzy/opt/sdformat_vendor/lib:/opt/ros/jazzy/opt/rviz_ogre_vendor/lib:/opt/ros/jazzy/lib/x86_64-linux-gnu:/opt/ros/jazzy/opt/gz_gui_vendor/lib:/opt/ros/jazzy/opt/gz_transport_vendor/lib:/opt/ros/jazzy/opt/gz_rendering_vendor/lib:/opt/ros/jazzy/opt/gz_plugin_vendor/lib:/opt/ros/jazzy/opt/gz_fuel_tools_vendor/lib:/opt/ros/jazzy/opt/gz_msgs_vendor/lib:/opt/ros/jazzy/opt/gz_common_vendor/lib:/opt/ros/jazzy/opt/gz_math_vendor/lib:/opt/ros/jazzy/opt/gz_utils_vendor/lib:/opt/ros/jazzy/opt/gz_tools_vendor/lib:/opt/ros/jazzy/opt/gz_ogre_next_vendor/lib:/opt/ros/jazzy/opt/gz_dartsim_vendor/lib:/opt/ros/jazzy/opt/gz_cmake_vendor/lib:/opt/ros/jazzy/lib', 'HOME': '/root', 'OLDPWD': '/', 'ROS_PYTHON_VERSION': '3', 'ROS_DISTRO': 'jazzy', '_': '/usr/bin/colcon', 'ROS_VERSION': '2', 'QT_X11_NO_MITSHM': '1', 'PATH': '/opt/ros/jazzy/opt/gz_msgs_vendor/bin:/opt/ros/jazzy/opt/gz_tools_vendor/bin:/opt/ros/jazzy/opt/gz_ogre_next_vendor/bin:/opt/ros/jazzy/bin:/usr/local/sbin:/usr/local/bin:/usr/sbin:/usr/bin:/sbin:/bin', 'DISPLAY': ':0', 'LANG': 'C.UTF-8', 'AMENT_PREFIX_PATH': '/opt/ros/jazzy', 'ROS_AUTOMATIC_DISCOVERY_RANGE': 'SUBNET', 'PWD': '/root/ros2_ws/build/mini_tesla_description', 'LC_ALL': 'C.UTF-8', 'PYTHONPATH': '/opt/ros/jazzy/lib/python3.12/site-packages', 'COLCON': '1', 'CMAKE_PREFIX_PATH': '/opt/ros/jazzy/opt/gz_sim_vendor:/opt/ros/jazzy/opt/gz_sensors_vendor:/opt/ros/jazzy/opt/gz_physics_vendor:/opt/ros/jazzy/opt/sdformat_vendor:/opt/ros/jazzy/opt/gz_gui_vendor:/opt/ros/jazzy/opt/gz_transport_vendor:/opt/ros/jazzy/opt/gz_rendering_vendor:/opt/ros/jazzy/opt/gz_plugin_vendor:/opt/ros/jazzy/opt/gz_fuel_tools_vendor:/opt/ros/jazzy/opt/gz_msgs_vendor:/opt/ros/jazzy/opt/gz_common_vendor:/opt/ros/jazzy/opt/gz_math_vendor:/opt/ros/jazzy/opt/gz_utils_vendor:/opt/ros/jazzy/opt/gz_tools_vendor:/opt/ros/jazzy/opt/gz_ogre_next_vendor:/opt/ros/jazzy/opt/gz_dartsim_vendor:/opt/ros/jazzy/opt/gz_cmake_vendor:/opt/ros/jazzy'}), 'shell': False}
[0.786676] (mini_tesla_description) CommandEnded: {'returncode': 0}
[0.787795] (mini_tesla_description) JobProgress: {'identifier': 'mini_tesla_description', 'progress': 'install'}
[0.788317] (mini_tesla_description) Command: {'cmd': ['/usr/bin/cmake', '--install', '/root/ros2_ws/build/mini_tesla_description'], 'cwd': '/root/ros2_ws/build/mini_tesla_description', 'env': OrderedDict({'GZ_SIM_RESOURCE_PATH': '/opt/ros/jazzy/share', 'GZ_CONFIG_PATH': '/opt/ros/jazzy/opt/gz_sim_vendor/share/gz:/opt/ros/jazzy/opt/sdformat_vendor/share/gz:/opt/ros/jazzy/opt/gz_gui_vendor/share/gz:/opt/ros/jazzy/opt/gz_transport_vendor/share/gz:/opt/ros/jazzy/opt/gz_rendering_vendor/share/gz:/opt/ros/jazzy/opt/gz_plugin_vendor/share/gz:/opt/ros/jazzy/opt/gz_fuel_tools_vendor/share/gz:/opt/ros/jazzy/opt/gz_msgs_vendor/share/gz:/opt/ros/jazzy/opt/gz_common_vendor/share/gz', 'HOSTNAME': 'advuser', 'SHLVL': '1', 'LD_LIBRARY_PATH': '/opt/ros/jazzy/opt/gz_sim_vendor/lib:/opt/ros/jazzy/opt/gz_sensors_vendor/lib:/opt/ros/jazzy/opt/gz_physics_vendor/lib:/opt/ros/jazzy/opt/sdformat_vendor/lib:/opt/ros/jazzy/opt/rviz_ogre_vendor/lib:/opt/ros/jazzy/lib/x86_64-linux-gnu:/opt/ros/jazzy/opt/gz_gui_vendor/lib:/opt/ros/jazzy/opt/gz_transport_vendor/lib:/opt/ros/jazzy/opt/gz_rendering_vendor/lib:/opt/ros/jazzy/opt/gz_plugin_vendor/lib:/opt/ros/jazzy/opt/gz_fuel_tools_vendor/lib:/opt/ros/jazzy/opt/gz_msgs_vendor/lib:/opt/ros/jazzy/opt/gz_common_vendor/lib:/opt/ros/jazzy/opt/gz_math_vendor/lib:/opt/ros/jazzy/opt/gz_utils_vendor/lib:/opt/ros/jazzy/opt/gz_tools_vendor/lib:/opt/ros/jazzy/opt/gz_ogre_next_vendor/lib:/opt/ros/jazzy/opt/gz_dartsim_vendor/lib:/opt/ros/jazzy/opt/gz_cmake_vendor/lib:/opt/ros/jazzy/lib', 'HOME': '/root', 'OLDPWD': '/', 'ROS_PYTHON_VERSION': '3', 'ROS_DISTRO': 'jazzy', '_': '/usr/bin/colcon', 'ROS_VERSION': '2', 'QT_X11_NO_MITSHM': '1', 'PATH': '/opt/ros/jazzy/opt/gz_msgs_vendor/bin:/opt/ros/jazzy/opt/gz_tools_vendor/bin:/opt/ros/jazzy/opt/gz_ogre_next_vendor/bin:/opt/ros/jazzy/bin:/usr/local/sbin:/usr/local/bin:/usr/sbin:/usr/bin:/sbin:/bin', 'DISPLAY': ':0', 'LANG': 'C.UTF-8', 'AMENT_PREFIX_PATH': '/opt/ros/jazzy', 'ROS_AUTOMATIC_DISCOVERY_RANGE': 'SUBNET', 'PWD': '/root/ros2_ws/build/mini_tesla_description', 'LC_ALL': 'C.UTF-8', 'PYTHONPATH': '/opt/ros/jazzy/lib/python3.12/site-packages', 'COLCON': '1', 'CMAKE_PREFIX_PATH': '/opt/ros/jazzy/opt/gz_sim_vendor:/opt/ros/jazzy/opt/gz_sensors_vendor:/opt/ros/jazzy/opt/gz_physics_vendor:/opt/ros/jazzy/opt/sdformat_vendor:/opt/ros/jazzy/opt/gz_gui_vendor:/opt/ros/jazzy/opt/gz_transport_vendor:/opt/ros/jazzy/opt/gz_rendering_vendor:/opt/ros/jazzy/opt/gz_plugin_vendor:/opt/ros/jazzy/opt/gz_fuel_tools_vendor:/opt/ros/jazzy/opt/gz_msgs_vendor:/opt/ros/jazzy/opt/gz_common_vendor:/opt/ros/jazzy/opt/gz_math_vendor:/opt/ros/jazzy/opt/gz_utils_vendor:/opt/ros/jazzy/opt/gz_tools_vendor:/opt/ros/jazzy/opt/gz_ogre_next_vendor:/opt/ros/jazzy/opt/gz_dartsim_vendor:/opt/ros/jazzy/opt/gz_cmake_vendor:/opt/ros/jazzy'}), 'shell': False}
[0.800348] (-) TimerEvent: {}
[0.802932] (mini_tesla_description) StdoutLine: {'line': b'-- Install configuration: ""\n'}
[0.803478] (mini_tesla_description) StdoutLine: {'line': b'-- Installing: /root/ros2_ws/install/mini_tesla_description/share/mini_tesla_description/urdf\n'}
[0.803757] (mini_tesla_description) StdoutLine: {'line': b'-- Installing: /root/ros2_ws/install/mini_tesla_description/share/mini_tesla_description/urdf/mini_tesla.urdf.xacro\n'}
[0.804061] (mini_tesla_description) StdoutLine: {'line': b'-- Installing: /root/ros2_ws/install/mini_tesla_description/share/mini_tesla_description/urdf/gazebo.xacro\n'}
[0.804243] (mini_tesla_description) StdoutLine: {'line': b'-- Installing: /root/ros2_ws/install/mini_tesla_description/share/mini_tesla_description/urdf/sensors.xacro\n'}
[0.804385] (mini_tesla_description) StdoutLine: {'line': b'-- Installing: /root/ros2_ws/install/mini_tesla_description/share/mini_tesla_description/meshes\n'}
[0.804577] (mini_tesla_description) StdoutLine: {'line': b'-- Installing: /root/ros2_ws/install/mini_tesla_description/share/mini_tesla_description/meshes/deck.stl\n'}
[0.805063] (mini_tesla_description) StdoutLine: {'line': b'-- Installing: /root/ros2_ws/install/mini_tesla_description/share/mini_tesla_description/meshes/oak_d_lite.stl\n'}
[0.807109] (mini_tesla_description) StdoutLine: {'line': b'-- Installing: /root/ros2_ws/install/mini_tesla_description/share/mini_tesla_description/meshes/electronics.stl\n'}
[0.813522] (mini_tesla_description) StdoutLine: {'line': b'-- Installing: /root/ros2_ws/install/mini_tesla_description/share/mini_tesla_description/meshes/motors.stl\n'}
[0.816340] (mini_tesla_description) StdoutLine: {'line': b'-- Installing: /root/ros2_ws/install/mini_tesla_description/share/mini_tesla_description/meshes/wheel_right.stl\n'}
[0.817070] (mini_tesla_description) StdoutLine: {'line': b'-- Installing: /root/ros2_ws/install/mini_tesla_description/share/mini_tesla_description/meshes/wheel_left.stl\n'}
[0.817637] (mini_tesla_description) StdoutLine: {'line': b'-- Installing: /root/ros2_ws/install/mini_tesla_description/share/mini_tesla_description/meshes/chassis.stl\n'}
[0.823017] (mini_tesla_description) StdoutLine: {'line': b'-- Installing: /root/ros2_ws/install/mini_tesla_description/share/mini_tesla_description/meshes/mounts.stl\n'}
[0.825144] (mini_tesla_description) StdoutLine: {'line': b'-- Installing: /root/ros2_ws/install/mini_tesla_description/share/mini_tesla_description/meshes/sensor_mounts.stl\n'}
[0.827258] (mini_tesla_description) StdoutLine: {'line': b'-- Installing: /root/ros2_ws/install/mini_tesla_description/share/mini_tesla_description/launch\n'}
[0.827475] (mini_tesla_description) StdoutLine: {'line': b'-- Installing: /root/ros2_ws/install/mini_tesla_description/share/mini_tesla_description/launch/display.launch.py\n'}
[0.827635] (mini_tesla_description) StdoutLine: {'line': b'-- Installing: /root/ros2_ws/install/mini_tesla_description/share/mini_tesla_description/launch/sim.launch.py\n'}
[0.827769] (mini_tesla_description) StdoutLine: {'line': b'-- Installing: /root/ros2_ws/install/mini_tesla_description/share/mini_tesla_description/config\n'}
[0.827918] (mini_tesla_description) StdoutLine: {'line': b'-- Installing: /root/ros2_ws/install/mini_tesla_description/share/mini_tesla_description/config/mini_tesla.rviz\n'}
[0.828104] (mini_tesla_description) StdoutLine: {'line': b'-- Installing: /root/ros2_ws/install/mini_tesla_description/share/mini_tesla_description/config/bridge.yaml\n'}
[0.828296] (mini_tesla_description) StdoutLine: {'line': b'-- Installing: /root/ros2_ws/install/mini_tesla_description/share/mini_tesla_description/worlds\n'}
[0.828435] (mini_tesla_description) StdoutLine: {'line': b'-- Installing: /root/ros2_ws/install/mini_tesla_description/share/mini_tesla_description/worlds/test_arena.sdf\n'}
[0.829195] (mini_tesla_description) StdoutLine: {'line': b'-- Installing: /root/ros2_ws/install/mini_tesla_description/lib/mini_tesla_description/tof_to_range.py\n'}
[0.829641] (mini_tesla_description) StdoutLine: {'line': b'-- Installing: /root/ros2_ws/install/mini_tesla_description/share/ament_index/resource_index/package_run_dependencies/mini_tesla_description\n'}
[0.829951] (mini_tesla_description) StdoutLine: {'line': b'-- Installing: /root/ros2_ws/install/mini_tesla_description/share/ament_index/resource_index/parent_prefix_path/mini_tesla_description\n'}
[0.830358] (mini_tesla_description) StdoutLine: {'line': b'-- Installing: /root/ros2_ws/install/mini_tesla_description/share/mini_tesla_description/environment/ament_prefix_path.sh\n'}
[0.830652] (mini_tesla_description) StdoutLine: {'line': b'-- Installing: /root/ros2_ws/install/mini_tesla_description/share/mini_tesla_description/environment/ament_prefix_path.dsv\n'}
[0.830849] (mini_tesla_description) StdoutLine: {'line': b'-- Installing: /root/ros2_ws/install/mini_tesla_description/share/mini_tesla_description/environment/path.sh\n'}
[0.831097] (mini_tesla_description) StdoutLine: {'line': b'-- Installing: /root/ros2_ws/install/mini_tesla_description/share/mini_tesla_description/environment/path.dsv\n'}
[0.831314] (mini_tesla_description) StdoutLine: {'line': b'-- Installing: /root/ros2_ws/install/mini_tesla_description/share/mini_tesla_description/local_setup.bash\n'}
[0.831547] (mini_tesla_description) StdoutLine: {'line': b'-- Installing: /root/ros2_ws/install/mini_tesla_description/share/mini_tesla_description/local_setup.sh\n'}
[0.831761] (mini_tesla_description) StdoutLine: {'line': b'-- Installing: /root/ros2_ws/install/mini_tesla_description/share/mini_tesla_description/local_setup.zsh\n'}
[0.831974] (mini_tesla_description) StdoutLine: {'line': b'-- Installing: /root/ros2_ws/install/mini_tesla_description/share/mini_tesla_description/local_setup.dsv\n'}
[0.832212] (mini_tesla_description) StdoutLine: {'line': b'-- Installing: /root/ros2_ws/install/mini_tesla_description/share/mini_tesla_description/package.dsv\n'}
[0.832512] (mini_tesla_description) StdoutLine: {'line': b'-- Installing: /root/ros2_ws/install/mini_tesla_description/share/ament_index/resource_index/packages/mini_tesla_description\n'}
[0.832780] (mini_tesla_description) StdoutLine: {'line': b'-- Installing: /root/ros2_ws/install/mini_tesla_description/share/mini_tesla_description/cmake/mini_tesla_descriptionConfig.cmake\n'}
[0.832984] (mini_tesla_description) StdoutLine: {'line': b'-- Installing: /root/ros2_ws/install/mini_tesla_description/share/mini_tesla_description/cmake/mini_tesla_descriptionConfig-version.cmake\n'}
[0.833197] (mini_tesla_description) StdoutLine: {'line': b'-- Installing: /root/ros2_ws/install/mini_tesla_description/share/mini_tesla_description/package.xml\n'}
[0.836745] (mini_tesla_description) CommandEnded: {'returncode': 0}
[0.855723] (mini_tesla_description) JobEnded: {'identifier': 'mini_tesla_description', 'rc': 0}
[0.856597] (-) EventReactorShutdown: {}
