[0.000000] (-) TimerEvent: {}
[0.000104] (-) JobUnselected: {'identifier': 'tesla_description'}
[0.000143] (mini_tesla_description) JobQueued: {'identifier': 'mini_tesla_description', 'dependencies': OrderedDict()}
[0.000715] (mini_tesla_description) JobStarted: {'identifier': 'mini_tesla_description'}
[0.019464] (mini_tesla_description) JobProgress: {'identifier': 'mini_tesla_description', 'progress': 'cmake'}
[0.020303] (mini_tesla_description) JobProgress: {'identifier': 'mini_tesla_description', 'progress': 'build'}
[0.021365] (mini_tesla_description) Command: {'cmd': ['/usr/bin/cmake', '--build', '/root/ros2_ws/build/mini_tesla_description', '--', '-j16', '-l16'], 'cwd': '/root/ros2_ws/build/mini_tesla_description', 'env': OrderedDict({'GZ_SIM_RESOURCE_PATH': '/opt/ros/jazzy/share', 'GZ_CONFIG_PATH': '/opt/ros/jazzy/opt/gz_sim_vendor/share/gz:/opt/ros/jazzy/opt/sdformat_vendor/share/gz:/opt/ros/jazzy/opt/gz_gui_vendor/share/gz:/opt/ros/jazzy/opt/gz_transport_vendor/share/gz:/opt/ros/jazzy/opt/gz_rendering_vendor/share/gz:/opt/ros/jazzy/opt/gz_plugin_vendor/share/gz:/opt/ros/jazzy/opt/gz_fuel_tools_vendor/share/gz:/opt/ros/jazzy/opt/gz_msgs_vendor/share/gz:/opt/ros/jazzy/opt/gz_common_vendor/share/gz', 'HOSTNAME': 'advuser', 'SHLVL': '1', 'LD_LIBRARY_PATH': '/opt/ros/jazzy/opt/gz_sim_vendor/lib:/opt/ros/jazzy/opt/gz_sensors_vendor/lib:/opt/ros/jazzy/opt/gz_physics_vendor/lib:/opt/ros/jazzy/opt/sdformat_vendor/lib:/opt/ros/jazzy/opt/rviz_ogre_vendor/lib:/opt/ros/jazzy/lib/x86_64-linux-gnu:/opt/ros/jazzy/opt/gz_gui_vendor/lib:/opt/ros/jazzy/opt/gz_transport_vendor/lib:/opt/ros/jazzy/opt/gz_rendering_vendor/lib:/opt/ros/jazzy/opt/gz_plugin_vendor/lib:/opt/ros/jazzy/opt/gz_fuel_tools_vendor/lib:/opt/ros/jazzy/opt/gz_msgs_vendor/lib:/opt/ros/jazzy/opt/gz_common_vendor/lib:/opt/ros/jazzy/opt/gz_math_vendor/lib:/opt/ros/jazzy/opt/gz_utils_vendor/lib:/opt/ros/jazzy/opt/gz_tools_vendor/lib:/opt/ros/jazzy/opt/gz_ogre_next_vendor/lib:/opt/ros/jazzy/opt/gz_dartsim_vendor/lib:/opt/ros/jazzy/opt/gz_cmake_vendor/lib:/opt/ros/jazzy/lib', 'HOME': '/root', 'OLDPWD': '/', 'ROS_PYTHON_VERSION': '3', 'ROS_DISTRO': 'jazzy', '_': '/usr/bin/colcon', 'ROS_VERSION': '2', 'QT_X11_NO_MITSHM': '1', 'PATH': '/opt/ros/jazzy/opt/gz_msgs_vendor/bin:/opt/ros/jazzy/opt/gz_tools_vendor/bin:/opt/ros/jazzy/opt/gz_ogre_next_vendor/bin:/opt/ros/jazzy/bin:/usr/local/sbin:/usr/local/bin:/usr/sbin:/usr/bin:/sbin:/bin', 'DISPLAY': ':0', 'LANG': 'C.UTF-8', 'AMENT_PREFIX_PATH': '/opt/ros/jazzy', 'ROS_AUTOMATIC_DISCOVERY_RANGE': 'SUBNET', 'PWD': '/root/ros2_ws/build/mini_tesla_description', 'LC_ALL': 'C.UTF-8', 'PYTHONPATH': '/opt/ros/jazzy/lib/python3.12/site-packages', 'COLCON': '1', 'CMAKE_PREFIX_PATH': '/opt/ros/jazzy/opt/gz_sim_vendor:/opt/ros/jazzy/opt/gz_sensors_vendor:/opt/ros/jazzy/opt/gz_physics_vendor:/opt/ros/jazzy/opt/sdformat_vendor:/opt/ros/jazzy/opt/gz_gui_vendor:/opt/ros/jazzy/opt/gz_transport_vendor:/opt/ros/jazzy/opt/gz_rendering_vendor:/opt/ros/jazzy/opt/gz_plugin_vendor:/opt/ros/jazzy/opt/gz_fuel_tools_vendor:/opt/ros/jazzy/opt/gz_msgs_vendor:/opt/ros/jazzy/opt/gz_common_vendor:/opt/ros/jazzy/opt/gz_math_vendor:/opt/ros/jazzy/opt/gz_utils_vendor:/opt/ros/jazzy/opt/gz_tools_vendor:/opt/ros/jazzy/opt/gz_ogre_next_vendor:/opt/ros/jazzy/opt/gz_dartsim_vendor:/opt/ros/jazzy/opt/gz_cmake_vendor:/opt/ros/jazzy'}), 'shell': False}
[0.064471] (mini_tesla_description) StdoutLine: {'line': b'-- Found ament_cmake: 2.5.6 (/opt/ros/jazzy/share/ament_cmake/cmake)\n'}
[0.099627] (-) TimerEvent: {}
[0.200210] (-) TimerEvent: {}
[0.300808] (-) TimerEvent: {}
[0.401105] (-) TimerEvent: {}
[0.501415] (-) TimerEvent: {}
[0.502824] (mini_tesla_description) StdoutLine: {'line': b'-- Configuring done (0.4s)\n'}
[0.507794] (mini_tesla_description) StdoutLine: {'line': b'-- Generating done (0.0s)\n'}
[0.510489] (mini_tesla_description) StdoutLine: {'line': b'-- Build files have been written to: /root/ros2_ws/build/mini_tesla_description\n'}
[0.561107] (mini_tesla_description) CommandEnded: {'returncode': 0}
[0.562356] (mini_tesla_description) JobProgress: {'identifier': 'mini_tesla_description', 'progress': 'install'}
[0.579038] (mini_tesla_description) Command: {'cmd': ['/usr/bin/cmake', '--install', '/root/ros2_ws/build/mini_tesla_description'], 'cwd': '/root/ros2_ws/build/mini_tesla_description', 'env': OrderedDict({'GZ_SIM_RESOURCE_PATH': '/opt/ros/jazzy/share', 'GZ_CONFIG_PATH': '/opt/ros/jazzy/opt/gz_sim_vendor/share/gz:/opt/ros/jazzy/opt/sdformat_vendor/share/gz:/opt/ros/jazzy/opt/gz_gui_vendor/share/gz:/opt/ros/jazzy/opt/gz_transport_vendor/share/gz:/opt/ros/jazzy/opt/gz_rendering_vendor/share/gz:/opt/ros/jazzy/opt/gz_plugin_vendor/share/gz:/opt/ros/jazzy/opt/gz_fuel_tools_vendor/share/gz:/opt/ros/jazzy/opt/gz_msgs_vendor/share/gz:/opt/ros/jazzy/opt/gz_common_vendor/share/gz', 'HOSTNAME': 'advuser', 'SHLVL': '1', 'LD_LIBRARY_PATH': '/opt/ros/jazzy/opt/gz_sim_vendor/lib:/opt/ros/jazzy/opt/gz_sensors_vendor/lib:/opt/ros/jazzy/opt/gz_physics_vendor/lib:/opt/ros/jazzy/opt/sdformat_vendor/lib:/opt/ros/jazzy/opt/rviz_ogre_vendor/lib:/opt/ros/jazzy/lib/x86_64-linux-gnu:/opt/ros/jazzy/opt/gz_gui_vendor/lib:/opt/ros/jazzy/opt/gz_transport_vendor/lib:/opt/ros/jazzy/opt/gz_rendering_vendor/lib:/opt/ros/jazzy/opt/gz_plugin_vendor/lib:/opt/ros/jazzy/opt/gz_fuel_tools_vendor/lib:/opt/ros/jazzy/opt/gz_msgs_vendor/lib:/opt/ros/jazzy/opt/gz_common_vendor/lib:/opt/ros/jazzy/opt/gz_math_vendor/lib:/opt/ros/jazzy/opt/gz_utils_vendor/lib:/opt/ros/jazzy/opt/gz_tools_vendor/lib:/opt/ros/jazzy/opt/gz_ogre_next_vendor/lib:/opt/ros/jazzy/opt/gz_dartsim_vendor/lib:/opt/ros/jazzy/opt/gz_cmake_vendor/lib:/opt/ros/jazzy/lib', 'HOME': '/root', 'OLDPWD': '/', 'ROS_PYTHON_VERSION': '3', 'ROS_DISTRO': 'jazzy', '_': '/usr/bin/colcon', 'ROS_VERSION': '2', 'QT_X11_NO_MITSHM': '1', 'PATH': '/opt/ros/jazzy/opt/gz_msgs_vendor/bin:/opt/ros/jazzy/opt/gz_tools_vendor/bin:/opt/ros/jazzy/opt/gz_ogre_next_vendor/bin:/opt/ros/jazzy/bin:/usr/local/sbin:/usr/local/bin:/usr/sbin:/usr/bin:/sbin:/bin', 'DISPLAY': ':0', 'LANG': 'C.UTF-8', 'AMENT_PREFIX_PATH': '/opt/ros/jazzy', 'ROS_AUTOMATIC_DISCOVERY_RANGE': 'SUBNET', 'PWD': '/root/ros2_ws/build/mini_tesla_description', 'LC_ALL': 'C.UTF-8', 'PYTHONPATH': '/opt/ros/jazzy/lib/python3.12/site-packages', 'COLCON': '1', 'CMAKE_PREFIX_PATH': '/opt/ros/jazzy/opt/gz_sim_vendor:/opt/ros/jazzy/opt/gz_sensors_vendor:/opt/ros/jazzy/opt/gz_physics_vendor:/opt/ros/jazzy/opt/sdformat_vendor:/opt/ros/jazzy/opt/gz_gui_vendor:/opt/ros/jazzy/opt/gz_transport_vendor:/opt/ros/jazzy/opt/gz_rendering_vendor:/opt/ros/jazzy/opt/gz_plugin_vendor:/opt/ros/jazzy/opt/gz_fuel_tools_vendor:/opt/ros/jazzy/opt/gz_msgs_vendor:/opt/ros/jazzy/opt/gz_common_vendor:/opt/ros/jazzy/opt/gz_math_vendor:/opt/ros/jazzy/opt/gz_utils_vendor:/opt/ros/jazzy/opt/gz_tools_vendor:/opt/ros/jazzy/opt/gz_ogre_next_vendor:/opt/ros/jazzy/opt/gz_dartsim_vendor:/opt/ros/jazzy/opt/gz_cmake_vendor:/opt/ros/jazzy'}), 'shell': False}
[0.597603] (mini_tesla_description) StdoutLine: {'line': b'-- Install configuration: ""\n'}
[0.598362] (mini_tesla_description) StdoutLine: {'line': b'-- Up-to-date: /root/ros2_ws/install/mini_tesla_description/share/mini_tesla_description/urdf\n'}
[0.598587] (mini_tesla_description) StdoutLine: {'line': b'-- Up-to-date: /root/ros2_ws/install/mini_tesla_description/share/mini_tesla_description/urdf/mini_tesla.urdf.xacro\n'}
[0.598860] (mini_tesla_description) StdoutLine: {'line': b'-- Up-to-date: /root/ros2_ws/install/mini_tesla_description/share/mini_tesla_description/urdf/gazebo.xacro\n'}
[0.598952] (mini_tesla_description) StdoutLine: {'line': b'-- Up-to-date: /root/ros2_ws/install/mini_tesla_description/share/mini_tesla_description/urdf/sensors.xacro\n'}
[0.599025] (mini_tesla_description) StdoutLine: {'line': b'-- Up-to-date: /root/ros2_ws/install/mini_tesla_description/share/mini_tesla_description/meshes\n'}
[0.599490] (mini_tesla_description) StdoutLine: {'line': b'-- Up-to-date: /root/ros2_ws/install/mini_tesla_description/share/mini_tesla_description/meshes/deck.stl\n'}
[0.600038] (mini_tesla_description) StdoutLine: {'line': b'-- Up-to-date: /root/ros2_ws/install/mini_tesla_description/share/mini_tesla_description/meshes/oak_d_lite.stl\n'}
[0.600325] (mini_tesla_description) StdoutLine: {'line': b'-- Up-to-date: /root/ros2_ws/install/mini_tesla_description/share/mini_tesla_description/meshes/electronics.stl\n'}
[0.600456] (mini_tesla_description) StdoutLine: {'line': b'-- Up-to-date: /root/ros2_ws/install/mini_tesla_description/share/mini_tesla_description/meshes/motors.stl\n'}
[0.600856] (mini_tesla_description) StdoutLine: {'line': b'-- Up-to-date: /root/ros2_ws/install/mini_tesla_description/share/mini_tesla_description/meshes/wheel_right.stl\n'}
[0.600963] (mini_tesla_description) StdoutLine: {'line': b'-- Up-to-date: /root/ros2_ws/install/mini_tesla_description/share/mini_tesla_description/meshes/wheel_left.stl\n'}
[0.601062] (mini_tesla_description) StdoutLine: {'line': b'-- Up-to-date: /root/ros2_ws/install/mini_tesla_description/share/mini_tesla_description/meshes/chassis.stl\n'}
[0.601437] (-) TimerEvent: {}
[0.601760] (mini_tesla_description) StdoutLine: {'line': b'-- Up-to-date: /root/ros2_ws/install/mini_tesla_description/share/mini_tesla_description/meshes/mounts.stl\n'}
[0.602689] (mini_tesla_description) StdoutLine: {'line': b'-- Up-to-date: /root/ros2_ws/install/mini_tesla_description/share/mini_tesla_description/meshes/sensor_mounts.stl\n'}
[0.602874] (mini_tesla_description) StdoutLine: {'line': b'-- Up-to-date: /root/ros2_ws/install/mini_tesla_description/share/mini_tesla_description/launch\n'}
[0.603033] (mini_tesla_description) StdoutLine: {'line': b'-- Up-to-date: /root/ros2_ws/install/mini_tesla_description/share/mini_tesla_description/launch/display.launch.py\n'}
[0.603179] (mini_tesla_description) StdoutLine: {'line': b'-- Installing: /root/ros2_ws/install/mini_tesla_description/share/mini_tesla_description/launch/sim.launch.py\n'}
[0.603302] (mini_tesla_description) StdoutLine: {'line': b'-- Up-to-date: /root/ros2_ws/install/mini_tesla_description/share/mini_tesla_description/config\n'}
[0.603430] (mini_tesla_description) StdoutLine: {'line': b'-- Up-to-date: /root/ros2_ws/install/mini_tesla_description/share/mini_tesla_description/config/mini_tesla.rviz\n'}
[0.603573] (mini_tesla_description) StdoutLine: {'line': b'-- Installing: /root/ros2_ws/install/mini_tesla_description/share/mini_tesla_description/config/bridge.yaml\n'}
[0.603692] (mini_tesla_description) StdoutLine: {'line': b'-- Up-to-date: /root/ros2_ws/install/mini_tesla_description/share/mini_tesla_description/worlds\n'}
[0.603831] (mini_tesla_description) StdoutLine: {'line': b'-- Up-to-date: /root/ros2_ws/install/mini_tesla_description/share/mini_tesla_description/worlds/test_arena.sdf\n'}
[0.603955] (mini_tesla_description) StdoutLine: {'line': b'-- Up-to-date: /root/ros2_ws/install/mini_tesla_description/lib/mini_tesla_description/tof_to_range.py\n'}
[0.604080] (mini_tesla_description) StdoutLine: {'line': b'-- Installing: /root/ros2_ws/install/mini_tesla_description/share/ament_index/resource_index/package_run_dependencies/mini_tesla_description\n'}
[0.604218] (mini_tesla_description) StdoutLine: {'line': b'-- Up-to-date: /root/ros2_ws/install/mini_tesla_description/share/ament_index/resource_index/parent_prefix_path/mini_tesla_description\n'}
[0.604346] (mini_tesla_description) StdoutLine: {'line': b'-- Up-to-date: /root/ros2_ws/install/mini_tesla_description/share/mini_tesla_description/environment/ament_prefix_path.sh\n'}
[0.604460] (mini_tesla_description) StdoutLine: {'line': b'-- Up-to-date: /root/ros2_ws/install/mini_tesla_description/share/mini_tesla_description/environment/ament_prefix_path.dsv\n'}
[0.604601] (mini_tesla_description) StdoutLine: {'line': b'-- Up-to-date: /root/ros2_ws/install/mini_tesla_description/share/mini_tesla_description/environment/path.sh\n'}
[0.604718] (mini_tesla_description) StdoutLine: {'line': b'-- Up-to-date: /root/ros2_ws/install/mini_tesla_description/share/mini_tesla_description/environment/path.dsv\n'}
[0.605107] (mini_tesla_description) StdoutLine: {'line': b'-- Up-to-date: /root/ros2_ws/install/mini_tesla_description/share/mini_tesla_description/local_setup.bash\n'}
[0.605375] (mini_tesla_description) StdoutLine: {'line': b'-- Up-to-date: /root/ros2_ws/install/mini_tesla_description/share/mini_tesla_description/local_setup.sh\n'}
[0.605530] (mini_tesla_description) StdoutLine: {'line': b'-- Up-to-date: /root/ros2_ws/install/mini_tesla_description/share/mini_tesla_description/local_setup.zsh\n'}
[0.607111] (mini_tesla_description) StdoutLine: {'line': b'-- Up-to-date: /root/ros2_ws/install/mini_tesla_description/share/mini_tesla_description/local_setup.dsv\n'}
[0.607365] (mini_tesla_description) StdoutLine: {'line': b'-- Installing: /root/ros2_ws/install/mini_tesla_description/share/mini_tesla_description/package.dsv\n'}
[0.607756] (mini_tesla_description) StdoutLine: {'line': b'-- Up-to-date: /root/ros2_ws/install/mini_tesla_description/share/ament_index/resource_index/packages/mini_tesla_description\n'}
[0.608154] (mini_tesla_description) StdoutLine: {'line': b'-- Up-to-date: /root/ros2_ws/install/mini_tesla_description/share/mini_tesla_description/cmake/mini_tesla_descriptionConfig.cmake\n'}
[0.608384] (mini_tesla_description) StdoutLine: {'line': b'-- Up-to-date: /root/ros2_ws/install/mini_tesla_description/share/mini_tesla_description/cmake/mini_tesla_descriptionConfig-version.cmake\n'}
[0.608524] (mini_tesla_description) StdoutLine: {'line': b'-- Installing: /root/ros2_ws/install/mini_tesla_description/share/mini_tesla_description/package.xml\n'}
[0.608751] (mini_tesla_description) CommandEnded: {'returncode': 0}
[0.636000] (mini_tesla_description) JobEnded: {'identifier': 'mini_tesla_description', 'rc': 0}
[0.637352] (-) EventReactorShutdown: {}
