-- The C compiler identification is GNU 13.3.0
-- The CXX compiler identification is GNU 13.3.0
-- Detecting C compiler ABI info
-- Detecting C compiler ABI info - done
-- Check for working C compiler: /usr/bin/cc - skipped
-- Detecting C compile features
-- Detecting C compile features - done
-- Detecting CXX compiler ABI info
-- Detecting CXX compiler ABI info - done
-- Check for working CXX compiler: /usr/bin/c++ - skipped
-- Detecting CXX compile features
-- Detecting CXX compile features - done
-- Found ament_cmake: 2.5.6 (/opt/ros/jazzy/share/ament_cmake/cmake)
-- Found Python3: /usr/bin/python3 (found version "3.12.3") found components: Interpreter 
-- Found ament_lint_auto: 0.17.5 (/opt/ros/jazzy/share/ament_lint_auto/cmake)
-- Added test 'lint_cmake' to check CMake code style
-- Added test 'xmllint' to check XML markup files
-- Configuring done (0.7s)
-- Generating done (0.0s)
-- Build files have been written to: /root/ros2_ws/build/tesla_description
-- Install configuration: ""
-- Installing: /root/ros2_ws/install/tesla_description/share/ament_index/resource_index/package_run_dependencies/tesla_description
-- Installing: /root/ros2_ws/install/tesla_description/share/ament_index/resource_index/parent_prefix_path/tesla_description
-- Installing: /root/ros2_ws/install/tesla_description/share/tesla_description/environment/ament_prefix_path.sh
-- Installing: /root/ros2_ws/install/tesla_description/share/tesla_description/environment/ament_prefix_path.dsv
-- Installing: /root/ros2_ws/install/tesla_description/share/tesla_description/environment/path.sh
-- Installing: /root/ros2_ws/install/tesla_description/share/tesla_description/environment/path.dsv
-- Installing: /root/ros2_ws/install/tesla_description/share/tesla_description/local_setup.bash
-- Installing: /root/ros2_ws/install/tesla_description/share/tesla_description/local_setup.sh
-- Installing: /root/ros2_ws/install/tesla_description/share/tesla_description/local_setup.zsh
-- Installing: /root/ros2_ws/install/tesla_description/share/tesla_description/local_setup.dsv
-- Installing: /root/ros2_ws/install/tesla_description/share/tesla_description/package.dsv
-- Installing: /root/ros2_ws/install/tesla_description/share/ament_index/resource_index/packages/tesla_description
-- Installing: /root/ros2_ws/install/tesla_description/share/tesla_description/cmake/tesla_descriptionConfig.cmake
-- Installing: /root/ros2_ws/install/tesla_description/share/tesla_description/cmake/tesla_descriptionConfig-version.cmake
-- Installing: /root/ros2_ws/install/tesla_description/share/tesla_description/package.xml
