[0.013s] Invoking command in '/root/ros2_ws/build/tesla_description': CMAKE_PREFIX_PATH=${CMAKE_PREFIX_PATH}:/opt/ros/jazzy /usr/bin/cmake /root/ros2_ws/src/tesla_description -DCMAKE_INSTALL_PREFIX=/root/ros2_ws/install/tesla_description
[0.102s] -- The C compiler identification is GNU 13.3.0
[0.165s] -- The CXX compiler identification is GNU 13.3.0
[0.183s] -- Detecting C compiler ABI info
[0.265s] -- Detecting C compiler ABI info - done
[0.270s] -- Check for working C compiler: /usr/bin/cc - skipped
[0.271s] -- Detecting C compile features
[0.271s] -- Detecting C compile features - done
[0.281s] -- Detecting CXX compiler ABI info
[0.367s] -- Detecting CXX compiler ABI info - done
[0.372s] -- Check for working CXX compiler: /usr/bin/c++ - skipped
[0.372s] -- Detecting CXX compile features
[0.372s] -- Detecting CXX compile features - done
[0.380s] -- Found ament_cmake: 2.5.6 (/opt/ros/jazzy/share/ament_cmake/cmake)
[0.499s] -- Found Python3: /usr/bin/python3 (found version "3.12.3") found components: Interpreter 
[0.615s] -- Found ament_lint_auto: 0.17.5 (/opt/ros/jazzy/share/ament_lint_auto/cmake)
[0.711s] -- Added test 'lint_cmake' to check CMake code style
[0.712s] -- Added test 'xmllint' to check XML markup files
[0.714s] -- Configuring done (0.7s)
[0.716s] -- Generating done (0.0s)
[0.717s] -- Build files have been written to: /root/ros2_ws/build/tesla_description
[0.722s] Invoked command in '/root/ros2_ws/build/tesla_description' returned '0': CMAKE_PREFIX_PATH=${CMAKE_PREFIX_PATH}:/opt/ros/jazzy /usr/bin/cmake /root/ros2_ws/src/tesla_description -DCMAKE_INSTALL_PREFIX=/root/ros2_ws/install/tesla_description
[0.723s] Invoking command in '/root/ros2_ws/build/tesla_description': CMAKE_PREFIX_PATH=${CMAKE_PREFIX_PATH}:/opt/ros/jazzy /usr/bin/cmake --build /root/ros2_ws/build/tesla_description -- -j16 -l16
[0.765s] Invoked command in '/root/ros2_ws/build/tesla_description' returned '0': CMAKE_PREFIX_PATH=${CMAKE_PREFIX_PATH}:/opt/ros/jazzy /usr/bin/cmake --build /root/ros2_ws/build/tesla_description -- -j16 -l16
[0.773s] Invoking command in '/root/ros2_ws/build/tesla_description': CMAKE_PREFIX_PATH=${CMAKE_PREFIX_PATH}:/opt/ros/jazzy /usr/bin/cmake --install /root/ros2_ws/build/tesla_description
[0.780s] -- Install configuration: ""
[0.780s] -- Installing: /root/ros2_ws/install/tesla_description/share/ament_index/resource_index/package_run_dependencies/tesla_description
[0.780s] -- Installing: /root/ros2_ws/install/tesla_description/share/ament_index/resource_index/parent_prefix_path/tesla_description
[0.780s] -- Installing: /root/ros2_ws/install/tesla_description/share/tesla_description/environment/ament_prefix_path.sh
[0.780s] -- Installing: /root/ros2_ws/install/tesla_description/share/tesla_description/environment/ament_prefix_path.dsv
[0.780s] -- Installing: /root/ros2_ws/install/tesla_description/share/tesla_description/environment/path.sh
[0.780s] -- Installing: /root/ros2_ws/install/tesla_description/share/tesla_description/environment/path.dsv
[0.780s] -- Installing: /root/ros2_ws/install/tesla_description/share/tesla_description/local_setup.bash
[0.780s] -- Installing: /root/ros2_ws/install/tesla_description/share/tesla_description/local_setup.sh
[0.780s] -- Installing: /root/ros2_ws/install/tesla_description/share/tesla_description/local_setup.zsh
[0.781s] -- Installing: /root/ros2_ws/install/tesla_description/share/tesla_description/local_setup.dsv
[0.781s] -- Installing: /root/ros2_ws/install/tesla_description/share/tesla_description/package.dsv
[0.781s] -- Installing: /root/ros2_ws/install/tesla_description/share/ament_index/resource_index/packages/tesla_description
[0.781s] -- Installing: /root/ros2_ws/install/tesla_description/share/tesla_description/cmake/tesla_descriptionConfig.cmake
[0.781s] -- Installing: /root/ros2_ws/install/tesla_description/share/tesla_description/cmake/tesla_descriptionConfig-version.cmake
[0.781s] -- Installing: /root/ros2_ws/install/tesla_description/share/tesla_description/package.xml
[0.782s] Invoked command in '/root/ros2_ws/build/tesla_description' returned '0': CMAKE_PREFIX_PATH=${CMAKE_PREFIX_PATH}:/opt/ros/jazzy /usr/bin/cmake --install /root/ros2_ws/build/tesla_description
