[0.022s] Invoking command in '/root/ros2_ws/build/mini_tesla_description': CMAKE_PREFIX_PATH=${CMAKE_PREFIX_PATH}:/opt/ros/jazzy /usr/bin/cmake --build /root/ros2_ws/build/mini_tesla_description -- -j16 -l16
[0.064s] -- Found ament_cmake: 2.5.6 (/opt/ros/jazzy/share/ament_cmake/cmake)
[0.502s] -- Configuring done (0.4s)
[0.507s] -- Generating done (0.0s)
[0.510s] -- Build files have been written to: /root/ros2_ws/build/mini_tesla_description
[0.561s] Invoked command in '/root/ros2_ws/build/mini_tesla_description' returned '0': CMAKE_PREFIX_PATH=${CMAKE_PREFIX_PATH}:/opt/ros/jazzy /usr/bin/cmake --build /root/ros2_ws/build/mini_tesla_description -- -j16 -l16
[0.579s] Invoking command in '/root/ros2_ws/build/mini_tesla_description': CMAKE_PREFIX_PATH=${CMAKE_PREFIX_PATH}:/opt/ros/jazzy /usr/bin/cmake --install /root/ros2_ws/build/mini_tesla_description
[0.597s] -- Install configuration: ""
[0.598s] -- Up-to-date: /root/ros2_ws/install/mini_tesla_description/share/mini_tesla_description/urdf
[0.598s] -- Up-to-date: /root/ros2_ws/install/mini_tesla_description/share/mini_tesla_description/urdf/mini_tesla.urdf.xacro
[0.598s] -- Up-to-date: /root/ros2_ws/install/mini_tesla_description/share/mini_tesla_description/urdf/gazebo.xacro
[0.598s] -- Up-to-date: /root/ros2_ws/install/mini_tesla_description/share/mini_tesla_description/urdf/sensors.xacro
[0.599s] -- Up-to-date: /root/ros2_ws/install/mini_tesla_description/share/mini_tesla_description/meshes
[0.599s] -- Up-to-date: /root/ros2_ws/install/mini_tesla_description/share/mini_tesla_description/meshes/deck.stl
[0.599s] -- Up-to-date: /root/ros2_ws/install/mini_tesla_description/share/mini_tesla_description/meshes/oak_d_lite.stl
[0.600s] -- Up-to-date: /root/ros2_ws/install/mini_tesla_description/share/mini_tesla_description/meshes/electronics.stl
[0.600s] -- Up-to-date: /root/ros2_ws/install/mini_tesla_description/share/mini_tesla_description/meshes/motors.stl
[0.600s] -- Up-to-date: /root/ros2_ws/install/mini_tesla_description/share/mini_tesla_description/meshes/wheel_right.stl
[0.600s] -- Up-to-date: /root/ros2_ws/install/mini_tesla_description/share/mini_tesla_description/meshes/wheel_left.stl
[0.600s] -- Up-to-date: /root/ros2_ws/install/mini_tesla_description/share/mini_tesla_description/meshes/chassis.stl
[0.602s] -- Up-to-date: /root/ros2_ws/install/mini_tesla_description/share/mini_tesla_description/meshes/mounts.stl
[0.602s] -- Up-to-date: /root/ros2_ws/install/mini_tesla_description/share/mini_tesla_description/meshes/sensor_mounts.stl
[0.602s] -- Up-to-date: /root/ros2_ws/install/mini_tesla_description/share/mini_tesla_description/launch
[0.602s] -- Up-to-date: /root/ros2_ws/install/mini_tesla_description/share/mini_tesla_description/launch/display.launch.py
[0.602s] -- Installing: /root/ros2_ws/install/mini_tesla_description/share/mini_tesla_description/launch/sim.launch.py
[0.603s] -- Up-to-date: /root/ros2_ws/install/mini_tesla_description/share/mini_tesla_description/config
[0.603s] -- Up-to-date: /root/ros2_ws/install/mini_tesla_description/share/mini_tesla_description/config/mini_tesla.rviz
[0.603s] -- Installing: /root/ros2_ws/install/mini_tesla_description/share/mini_tesla_description/config/bridge.yaml
[0.603s] -- Up-to-date: /root/ros2_ws/install/mini_tesla_description/share/mini_tesla_description/worlds
[0.603s] -- Up-to-date: /root/ros2_ws/install/mini_tesla_description/share/mini_tesla_description/worlds/test_arena.sdf
[0.603s] -- Up-to-date: /root/ros2_ws/install/mini_tesla_description/lib/mini_tesla_description/tof_to_range.py
[0.603s] -- Installing: /root/ros2_ws/install/mini_tesla_description/share/ament_index/resource_index/package_run_dependencies/mini_tesla_description
[0.603s] -- Up-to-date: /root/ros2_ws/install/mini_tesla_description/share/ament_index/resource_index/parent_prefix_path/mini_tesla_description
[0.604s] -- Up-to-date: /root/ros2_ws/install/mini_tesla_description/share/mini_tesla_description/environment/ament_prefix_path.sh
[0.604s] -- Up-to-date: /root/ros2_ws/install/mini_tesla_description/share/mini_tesla_description/environment/ament_prefix_path.dsv
[0.604s] -- Up-to-date: /root/ros2_ws/install/mini_tesla_description/share/mini_tesla_description/environment/path.sh
[0.604s] -- Up-to-date: /root/ros2_ws/install/mini_tesla_description/share/mini_tesla_description/environment/path.dsv
[0.604s] -- Up-to-date: /root/ros2_ws/install/mini_tesla_description/share/mini_tesla_description/local_setup.bash
[0.605s] -- Up-to-date: /root/ros2_ws/install/mini_tesla_description/share/mini_tesla_description/local_setup.sh
[0.605s] -- Up-to-date: /root/ros2_ws/install/mini_tesla_description/share/mini_tesla_description/local_setup.zsh
[0.606s] -- Up-to-date: /root/ros2_ws/install/mini_tesla_description/share/mini_tesla_description/local_setup.dsv
[0.607s] -- Installing: /root/ros2_ws/install/mini_tesla_description/share/mini_tesla_description/package.dsv
[0.607s] -- Up-to-date: /root/ros2_ws/install/mini_tesla_description/share/ament_index/resource_index/packages/mini_tesla_description
[0.607s] -- Up-to-date: /root/ros2_ws/install/mini_tesla_description/share/mini_tesla_description/cmake/mini_tesla_descriptionConfig.cmake
[0.608s] -- Up-to-date: /root/ros2_ws/install/mini_tesla_description/share/mini_tesla_description/cmake/mini_tesla_descriptionConfig-version.cmake
[0.608s] -- Installing: /root/ros2_ws/install/mini_tesla_description/share/mini_tesla_description/package.xml
[0.609s] Invoked command in '/root/ros2_ws/build/mini_tesla_description' returned '0': CMAKE_PREFIX_PATH=${CMAKE_PREFIX_PATH}:/opt/ros/jazzy /usr/bin/cmake --install /root/ros2_ws/build/mini_tesla_description
