[0.021s] Invoking command in '/root/ros2_ws/build/tesla_description': CMAKE_PREFIX_PATH=${CMAKE_PREFIX_PATH}:/opt/ros/jazzy /usr/bin/cmake --build /root/ros2_ws/build/tesla_description -- -j16 -l16
[0.096s] Invoked command in '/root/ros2_ws/build/tesla_description' returned '0': CMAKE_PREFIX_PATH=${CMAKE_PREFIX_PATH}:/opt/ros/jazzy /usr/bin/cmake --build /root/ros2_ws/build/tesla_description -- -j16 -l16
[0.121s] Invoking command in '/root/ros2_ws/build/tesla_description': CMAKE_PREFIX_PATH=${CMAKE_PREFIX_PATH}:/opt/ros/jazzy /usr/bin/cmake --install /root/ros2_ws/build/tesla_description
[0.141s] -- Install configuration: ""
[0.142s] -- Up-to-date: /root/ros2_ws/install/tesla_description/share/tesla_description/launch
[0.142s] -- Up-to-date: /root/ros2_ws/install/tesla_description/share/tesla_description/launch/display.launch.py
[0.142s] -- Up-to-date: /root/ros2_ws/install/tesla_description/share/tesla_description/urdf
[0.142s] -- Up-to-date: /root/ros2_ws/install/tesla_description/share/tesla_description/urdf/robot.urdf.xacro
[0.142s] -- Up-to-date: /root/ros2_ws/install/tesla_description/share/tesla_description/rviz
[0.143s] -- Up-to-date: /root/ros2_ws/install/tesla_description/share/ament_index/resource_index/package_run_dependencies/tesla_description
[0.147s] -- Up-to-date: /root/ros2_ws/install/tesla_description/share/ament_index/resource_index/parent_prefix_path/tesla_description
[0.147s] -- Up-to-date: /root/ros2_ws/install/tesla_description/share/tesla_description/environment/ament_prefix_path.sh
[0.148s] -- Up-to-date: /root/ros2_ws/install/tesla_description/share/tesla_description/environment/ament_prefix_path.dsv
[0.148s] -- Up-to-date: /root/ros2_ws/install/tesla_description/share/tesla_description/environment/path.sh
[0.149s] -- Up-to-date: /root/ros2_ws/install/tesla_description/share/tesla_description/environment/path.dsv
[0.149s] -- Up-to-date: /root/ros2_ws/install/tesla_description/share/tesla_description/local_setup.bash
[0.149s] -- Up-to-date: /root/ros2_ws/install/tesla_description/share/tesla_description/local_setup.sh
[0.150s] -- Up-to-date: /root/ros2_ws/install/tesla_description/share/tesla_description/local_setup.zsh
[0.150s] -- Up-to-date: /root/ros2_ws/install/tesla_description/share/tesla_description/local_setup.dsv
[0.150s] -- Installing: /root/ros2_ws/install/tesla_description/share/tesla_description/package.dsv
[0.150s] -- Up-to-date: /root/ros2_ws/install/tesla_description/share/ament_index/resource_index/packages/tesla_description
[0.151s] -- Up-to-date: /root/ros2_ws/install/tesla_description/share/tesla_description/cmake/tesla_descriptionConfig.cmake
[0.151s] -- Up-to-date: /root/ros2_ws/install/tesla_description/share/tesla_description/cmake/tesla_descriptionConfig-version.cmake
[0.151s] -- Up-to-date: /root/ros2_ws/install/tesla_description/share/tesla_description/package.xml
[0.152s] Invoked command in '/root/ros2_ws/build/tesla_description' returned '0': CMAKE_PREFIX_PATH=${CMAKE_PREFIX_PATH}:/opt/ros/jazzy /usr/bin/cmake --install /root/ros2_ws/build/tesla_description
