-- Found ament_cmake: 2.5.6 (/opt/ros/jazzy/share/ament_cmake/cmake)
-- Found ament_lint_auto: 0.17.5 (/opt/ros/jazzy/share/ament_lint_auto/cmake)
-- Added test 'flake8' to check Python code syntax and style conventions
-- Configured 'flake8' exclude dirs and/or files: 
-- Added test 'lint_cmake' to check CMake code style
-- Added test 'pep257' to check Python code against some of the docstring style conventions in PEP 257
-- Added test 'xmllint' to check XML markup files
-- Configuring done (0.2s)
-- Generating done (0.0s)
-- Build files have been written to: /root/ros2_ws/build/tesla_description
-- Install configuration: ""
-- Installing: /root/ros2_ws/install/tesla_description/share/tesla_description/launch
-- Installing: /root/ros2_ws/install/tesla_description/share/tesla_description/launch/display.launch.py
-- Installing: /root/ros2_ws/install/tesla_description/share/tesla_description/urdf
-- Installing: /root/ros2_ws/install/tesla_description/share/tesla_description/urdf/robot.urdf.xacro
-- Installing: /root/ros2_ws/install/tesla_description/share/tesla_description/rviz
-- Up-to-date: /root/ros2_ws/install/tesla_description/share/ament_index/resource_index/package_run_dependencies/tesla_description
-- Installing: /root/ros2_ws/install/tesla_description/share/ament_index/resource_index/parent_prefix_path/tesla_description
-- Up-to-date: /root/ros2_ws/install/tesla_description/share/tesla_description/environment/ament_prefix_path.sh
-- Up-to-date: /root/ros2_ws/install/tesla_description/share/tesla_description/environment/ament_prefix_path.dsv
-- Up-to-date: /root/ros2_ws/install/tesla_description/share/tesla_description/environment/path.sh
-- Up-to-date: /root/ros2_ws/install/tesla_description/share/tesla_description/environment/path.dsv
-- Up-to-date: /root/ros2_ws/install/tesla_description/share/tesla_description/local_setup.bash
-- Up-to-date: /root/ros2_ws/install/tesla_description/share/tesla_description/local_setup.sh
-- Up-to-date: /root/ros2_ws/install/tesla_description/share/tesla_description/local_setup.zsh
-- Up-to-date: /root/ros2_ws/install/tesla_description/share/tesla_description/local_setup.dsv
-- Installing: /root/ros2_ws/install/tesla_description/share/tesla_description/package.dsv
-- Up-to-date: /root/ros2_ws/install/tesla_description/share/ament_index/resource_index/packages/tesla_description
-- Up-to-date: /root/ros2_ws/install/tesla_description/share/tesla_description/cmake/tesla_descriptionConfig.cmake
-- Up-to-date: /root/ros2_ws/install/tesla_description/share/tesla_description/cmake/tesla_descriptionConfig-version.cmake
-- Up-to-date: /root/ros2_ws/install/tesla_description/share/tesla_description/package.xml
