-- Found ament_cmake: 2.5.6 (/opt/ros/jazzy/share/ament_cmake/cmake)
-- Found Python3: /usr/bin/python3 (found version "3.12.3") found components: Interpreter 
-- Configuring done (0.6s)
-- Generating done (0.0s)
-- Build files have been written to: /root/ros2_ws/build/mini_tesla_description
-- Install configuration: ""
-- Installing: /root/ros2_ws/install/mini_tesla_description/share/mini_tesla_description/urdf
-- Installing: /root/ros2_ws/install/mini_tesla_description/share/mini_tesla_description/urdf/mini_tesla.urdf.xacro
-- Installing: /root/ros2_ws/install/mini_tesla_description/share/mini_tesla_description/urdf/gazebo.xacro
-- Installing: /root/ros2_ws/install/mini_tesla_description/share/mini_tesla_description/urdf/sensors.xacro
-- Installing: /root/ros2_ws/install/mini_tesla_description/share/mini_tesla_description/meshes
-- Installing: /root/ros2_ws/install/mini_tesla_description/share/mini_tesla_description/meshes/deck.stl
-- Installing: /root/ros2_ws/install/mini_tesla_description/share/mini_tesla_description/meshes/oak_d_lite.stl
-- Installing: /root/ros2_ws/install/mini_tesla_description/share/mini_tesla_description/meshes/electronics.stl
-- Installing: /root/ros2_ws/install/mini_tesla_description/share/mini_tesla_description/meshes/motors.stl
-- Installing: /root/ros2_ws/install/mini_tesla_description/share/mini_tesla_description/meshes/wheel_right.stl
-- Installing: /root/ros2_ws/install/mini_tesla_description/share/mini_tesla_description/meshes/wheel_left.stl
-- Installing: /root/ros2_ws/install/mini_tesla_description/share/mini_tesla_description/meshes/chassis.stl
-- Installing: /root/ros2_ws/install/mini_tesla_description/share/mini_tesla_description/meshes/mounts.stl
-- Installing: /root/ros2_ws/install/mini_tesla_description/share/mini_tesla_description/meshes/sensor_mounts.stl
-- Installing: /root/ros2_ws/install/mini_tesla_description/share/mini_tesla_description/launch
-- Installing: /root/ros2_ws/install/mini_tesla_description/share/mini_tesla_description/launch/display.launch.py
-- Installing: /root/ros2_ws/install/mini_tesla_description/share/mini_tesla_description/launch/sim.launch.py
-- Installing: /root/ros2_ws/install/mini_tesla_description/share/mini_tesla_description/config
-- Installing: /root/ros2_ws/install/mini_tesla_description/share/mini_tesla_description/config/mini_tesla.rviz
-- Installing: /root/ros2_ws/install/mini_tesla_description/share/mini_tesla_description/config/bridge.yaml
-- Installing: /root/ros2_ws/install/mini_tesla_description/share/mini_tesla_description/worlds
-- Installing: /root/ros2_ws/install/mini_tesla_description/share/mini_tesla_description/worlds/test_arena.sdf
-- Installing: /root/ros2_ws/install/mini_tesla_description/lib/mini_tesla_description/tof_to_range.py
-- Installing: /root/ros2_ws/install/mini_tesla_description/share/ament_index/resource_index/package_run_dependencies/mini_tesla_description
-- Installing: /root/ros2_ws/install/mini_tesla_description/share/ament_index/resource_index/parent_prefix_path/mini_tesla_description
-- Installing: /root/ros2_ws/install/mini_tesla_description/share/mini_tesla_description/environment/ament_prefix_path.sh
-- Installing: /root/ros2_ws/install/mini_tesla_description/share/mini_tesla_description/environment/ament_prefix_path.dsv
-- Installing: /root/ros2_ws/install/mini_tesla_description/share/mini_tesla_description/environment/path.sh
-- Installing: /root/ros2_ws/install/mini_tesla_description/share/mini_tesla_description/environment/path.dsv
-- Installing: /root/ros2_ws/install/mini_tesla_description/share/mini_tesla_description/local_setup.bash
-- Installing: /root/ros2_ws/install/mini_tesla_description/share/mini_tesla_description/local_setup.sh
-- Installing: /root/ros2_ws/install/mini_tesla_description/share/mini_tesla_description/local_setup.zsh
-- Installing: /root/ros2_ws/install/mini_tesla_description/share/mini_tesla_description/local_setup.dsv
-- Installing: /root/ros2_ws/install/mini_tesla_description/share/mini_tesla_description/package.dsv
-- Installing: /root/ros2_ws/install/mini_tesla_description/share/ament_index/resource_index/packages/mini_tesla_description
-- Installing: /root/ros2_ws/install/mini_tesla_description/share/mini_tesla_description/cmake/mini_tesla_descriptionConfig.cmake
-- Installing: /root/ros2_ws/install/mini_tesla_description/share/mini_tesla_description/cmake/mini_tesla_descriptionConfig-version.cmake
-- Installing: /root/ros2_ws/install/mini_tesla_description/share/mini_tesla_description/package.xml
