[0.024s] Invoking command in '/root/ros2_ws/build/mini_tesla_description': CMAKE_PREFIX_PATH=${CMAKE_PREFIX_PATH}:/opt/ros/jazzy /usr/bin/cmake /root/ros2_ws/src/mini_tesla_description -DCMAKE_INSTALL_PREFIX=/root/ros2_ws/install/mini_tesla_description
[0.066s] -- Found ament_cmake: 2.5.6 (/opt/ros/jazzy/share/ament_cmake/cmake)
[0.320s] -- Found Python3: /usr/bin/python3 (found version "3.12.3") found components: Interpreter 
[0.695s] -- Configuring done (0.6s)
[0.700s] -- Generating done (0.0s)
[0.702s] -- Build files have been written to: /root/ros2_ws/build/mini_tesla_description
[0.707s] Invoked command in '/root/ros2_ws/build/mini_tesla_description' returned '0': CMAKE_PREFIX_PATH=${CMAKE_PREFIX_PATH}:/opt/ros/jazzy /usr/bin/cmake /root/ros2_ws/src/mini_tesla_description -DCMAKE_INSTALL_PREFIX=/root/ros2_ws/install/mini_tesla_description
[0.709s] Invoking command in '/root/ros2_ws/build/mini_tesla_description': CMAKE_PREFIX_PATH=${CMAKE_PREFIX_PATH}:/opt/ros/jazzy /usr/bin/cmake --build /root/ros2_ws/build/mini_tesla_description -- -j16 -l16
[0.787s] Invoked command in '/root/ros2_ws/build/mini_tesla_description' returned '0': CMAKE_PREFIX_PATH=${CMAKE_PREFIX_PATH}:/opt/ros/jazzy /usr/bin/cmake --build /root/ros2_ws/build/mini_tesla_description -- -j16 -l16
[0.788s] Invoking command in '/root/ros2_ws/build/mini_tesla_description': CMAKE_PREFIX_PATH=${CMAKE_PREFIX_PATH}:/opt/ros/jazzy /usr/bin/cmake --install /root/ros2_ws/build/mini_tesla_description
[0.803s] -- Install configuration: ""
[0.803s] -- Installing: /root/ros2_ws/install/mini_tesla_description/share/mini_tesla_description/urdf
[0.804s] -- Installing: /root/ros2_ws/install/mini_tesla_description/share/mini_tesla_description/urdf/mini_tesla.urdf.xacro
[0.804s] -- Installing: /root/ros2_ws/install/mini_tesla_description/share/mini_tesla_description/urdf/gazebo.xacro
[0.804s] -- Installing: /root/ros2_ws/install/mini_tesla_description/share/mini_tesla_description/urdf/sensors.xacro
[0.804s] -- Installing: /root/ros2_ws/install/mini_tesla_description/share/mini_tesla_description/meshes
[0.804s] -- Installing: /root/ros2_ws/install/mini_tesla_description/share/mini_tesla_description/meshes/deck.stl
[0.805s] -- Installing: /root/ros2_ws/install/mini_tesla_description/share/mini_tesla_description/meshes/oak_d_lite.stl
[0.807s] -- Installing: /root/ros2_ws/install/mini_tesla_description/share/mini_tesla_description/meshes/electronics.stl
[0.814s] -- Installing: /root/ros2_ws/install/mini_tesla_description/share/mini_tesla_description/meshes/motors.stl
[0.816s] -- Installing: /root/ros2_ws/install/mini_tesla_description/share/mini_tesla_description/meshes/wheel_right.stl
[0.817s] -- Installing: /root/ros2_ws/install/mini_tesla_description/share/mini_tesla_description/meshes/wheel_left.stl
[0.818s] -- Installing: /root/ros2_ws/install/mini_tesla_description/share/mini_tesla_description/meshes/chassis.stl
[0.823s] -- Installing: /root/ros2_ws/install/mini_tesla_description/share/mini_tesla_description/meshes/mounts.stl
[0.825s] -- Installing: /root/ros2_ws/install/mini_tesla_description/share/mini_tesla_description/meshes/sensor_mounts.stl
[0.827s] -- Installing: /root/ros2_ws/install/mini_tesla_description/share/mini_tesla_description/launch
[0.827s] -- Installing: /root/ros2_ws/install/mini_tesla_description/share/mini_tesla_description/launch/display.launch.py
[0.828s] -- Installing: /root/ros2_ws/install/mini_tesla_description/share/mini_tesla_description/launch/sim.launch.py
[0.828s] -- Installing: /root/ros2_ws/install/mini_tesla_description/share/mini_tesla_description/config
[0.828s] -- Installing: /root/ros2_ws/install/mini_tesla_description/share/mini_tesla_description/config/mini_tesla.rviz
[0.828s] -- Installing: /root/ros2_ws/install/mini_tesla_description/share/mini_tesla_description/config/bridge.yaml
[0.828s] -- Installing: /root/ros2_ws/install/mini_tesla_description/share/mini_tesla_description/worlds
[0.828s] -- Installing: /root/ros2_ws/install/mini_tesla_description/share/mini_tesla_description/worlds/test_arena.sdf
[0.829s] -- Installing: /root/ros2_ws/install/mini_tesla_description/lib/mini_tesla_description/tof_to_range.py
[0.829s] -- Installing: /root/ros2_ws/install/mini_tesla_description/share/ament_index/resource_index/package_run_dependencies/mini_tesla_description
[0.830s] -- Installing: /root/ros2_ws/install/mini_tesla_description/share/ament_index/resource_index/parent_prefix_path/mini_tesla_description
[0.830s] -- Installing: /root/ros2_ws/install/mini_tesla_description/share/mini_tesla_description/environment/ament_prefix_path.sh
[0.830s] -- Installing: /root/ros2_ws/install/mini_tesla_description/share/mini_tesla_description/environment/ament_prefix_path.dsv
[0.831s] -- Installing: /root/ros2_ws/install/mini_tesla_description/share/mini_tesla_description/environment/path.sh
[0.831s] -- Installing: /root/ros2_ws/install/mini_tesla_description/share/mini_tesla_description/environment/path.dsv
[0.831s] -- Installing: /root/ros2_ws/install/mini_tesla_description/share/mini_tesla_description/local_setup.bash
[0.831s] -- Installing: /root/ros2_ws/install/mini_tesla_description/share/mini_tesla_description/local_setup.sh
[0.832s] -- Installing: /root/ros2_ws/install/mini_tesla_description/share/mini_tesla_description/local_setup.zsh
[0.832s] -- Installing: /root/ros2_ws/install/mini_tesla_description/share/mini_tesla_description/local_setup.dsv
[0.832s] -- Installing: /root/ros2_ws/install/mini_tesla_description/share/mini_tesla_description/package.dsv
[0.832s] -- Installing: /root/ros2_ws/install/mini_tesla_description/share/ament_index/resource_index/packages/mini_tesla_description
[0.833s] -- Installing: /root/ros2_ws/install/mini_tesla_description/share/mini_tesla_description/cmake/mini_tesla_descriptionConfig.cmake
[0.833s] -- Installing: /root/ros2_ws/install/mini_tesla_description/share/mini_tesla_description/cmake/mini_tesla_descriptionConfig-version.cmake
[0.833s] -- Installing: /root/ros2_ws/install/mini_tesla_description/share/mini_tesla_description/package.xml
[0.837s] Invoked command in '/root/ros2_ws/build/mini_tesla_description' returned '0': CMAKE_PREFIX_PATH=${CMAKE_PREFIX_PATH}:/opt/ros/jazzy /usr/bin/cmake --install /root/ros2_ws/build/mini_tesla_description
