[0.142s] DEBUG:colcon:Command line arguments: ['/usr/bin/colcon', 'build']
[0.142s] DEBUG:colcon:Parsed command line arguments: Namespace(log_base=None, log_level=None, verb_name='build', build_base='build', install_base='install', merge_install=False, symlink_install=False, test_result_base=None, continue_on_error=False, executor='parallel', parallel_workers=16, event_handlers=None, ignore_user_meta=False, metas=['./colcon.meta'], base_paths=['.'], packages_ignore=None, packages_ignore_regex=None, paths=None, packages_up_to=None, packages_up_to_regex=None, packages_above=None, packages_above_and_dependencies=None, packages_above_depth=None, packages_select_by_dep=None, packages_skip_by_dep=None, packages_skip_up_to=None, packages_select_build_failed=False, packages_skip_build_finished=False, packages_select_test_failures=False, packages_skip_test_passed=False, packages_select=None, packages_skip=None, packages_select_regex=None, packages_skip_regex=None, packages_start=None, packages_end=None, cmake_args=None, cmake_target=None, cmake_target_skip_unavailable=False, cmake_clean_cache=False, cmake_clean_first=False, cmake_force_configure=False, ament_cmake_args=None, catkin_cmake_args=None, catkin_skip_building_tests=False, mixin_files=None, mixin=None, verb_parser=<colcon_mixin.mixin.mixin_argument.MixinArgumentDecorator object at 0x7f042f2b0b30>, verb_extension=<colcon_core.verb.build.BuildVerb object at 0x7f042f2b07a0>, main=<bound method BuildVerb.main of <colcon_core.verb.build.BuildVerb object at 0x7f042f2b07a0>>, mixin_verb=('build',))
[0.196s] Level 1:colcon.colcon_core.package_discovery:discover_packages(colcon_meta) check parameters
[0.197s] INFO:colcon.colcon_metadata.package_discovery.colcon_meta:Using configuration from '/root/.colcon/metadata/default/Gazebo.meta'
[0.198s] INFO:colcon.colcon_metadata.package_discovery.colcon_meta:Using configuration from '/root/.colcon/metadata/default/fastdds.meta'
[0.198s] INFO:colcon.colcon_metadata.package_discovery.colcon_meta:Using configuration from '/root/.colcon/metadata/default/fastrtps.meta'
[0.198s] Level 1:colcon.colcon_core.package_discovery:discover_packages(recursive) check parameters
[0.198s] Level 1:colcon.colcon_core.package_discovery:discover_packages(ignore) check parameters
[0.198s] Level 1:colcon.colcon_core.package_discovery:discover_packages(path) check parameters
[0.198s] Level 1:colcon.colcon_core.package_discovery:discover_packages(colcon_meta) discover
[0.198s] Level 1:colcon.colcon_core.package_discovery:discover_packages(recursive) discover
[0.198s] INFO:colcon.colcon_core.package_discovery:Crawling recursively for packages in '/root/ros2_ws'
[0.198s] Level 1:colcon.colcon_core.package_identification:_identify(.) by extensions ['ignore', 'ignore_ament_install']
[0.199s] Level 1:colcon.colcon_core.package_identification:_identify(.) by extension 'ignore'
[0.199s] Level 1:colcon.colcon_core.package_identification:_identify(.) by extension 'ignore_ament_install'
[0.199s] Level 1:colcon.colcon_core.package_identification:_identify(.) by extensions ['colcon_pkg']
[0.199s] Level 1:colcon.colcon_core.package_identification:_identify(.) by extension 'colcon_pkg'
[0.199s] Level 1:colcon.colcon_core.package_identification:_identify(.) by extensions ['colcon_meta']
[0.199s] Level 1:colcon.colcon_core.package_identification:_identify(.) by extension 'colcon_meta'
[0.199s] Level 1:colcon.colcon_core.package_identification:_identify(.) by extensions ['ros']
[0.199s] Level 1:colcon.colcon_core.package_identification:_identify(.) by extension 'ros'
[0.232s] Level 1:colcon.colcon_core.package_identification:_identify(.) by extensions ['cmake', 'python']
[0.232s] Level 1:colcon.colcon_core.package_identification:_identify(.) by extension 'cmake'
[0.232s] Level 1:colcon.colcon_core.package_identification:_identify(.) by extension 'python'
[0.233s] Level 1:colcon.colcon_core.package_identification:_identify(.) by extensions ['python_setup_py']
[0.233s] Level 1:colcon.colcon_core.package_identification:_identify(.) by extension 'python_setup_py'
[0.233s] Level 1:colcon.colcon_core.package_identification:_identify(build) by extensions ['ignore', 'ignore_ament_install']
[0.233s] Level 1:colcon.colcon_core.package_identification:_identify(build) by extension 'ignore'
[0.233s] Level 1:colcon.colcon_core.package_identification:_identify(build) ignored
[0.233s] Level 1:colcon.colcon_core.package_identification:_identify(install) by extensions ['ignore', 'ignore_ament_install']
[0.233s] Level 1:colcon.colcon_core.package_identification:_identify(install) by extension 'ignore'
[0.233s] Level 1:colcon.colcon_core.package_identification:_identify(install) ignored
[0.233s] Level 1:colcon.colcon_core.package_identification:_identify(log) by extensions ['ignore', 'ignore_ament_install']
[0.233s] Level 1:colcon.colcon_core.package_identification:_identify(log) by extension 'ignore'
[0.234s] Level 1:colcon.colcon_core.package_identification:_identify(log) ignored
[0.234s] Level 1:colcon.colcon_core.package_identification:_identify(src) by extensions ['ignore', 'ignore_ament_install']
[0.234s] Level 1:colcon.colcon_core.package_identification:_identify(src) by extension 'ignore'
[0.234s] Level 1:colcon.colcon_core.package_identification:_identify(src) by extension 'ignore_ament_install'
[0.234s] Level 1:colcon.colcon_core.package_identification:_identify(src) by extensions ['colcon_pkg']
[0.234s] Level 1:colcon.colcon_core.package_identification:_identify(src) by extension 'colcon_pkg'
[0.234s] Level 1:colcon.colcon_core.package_identification:_identify(src) by extensions ['colcon_meta']
[0.234s] Level 1:colcon.colcon_core.package_identification:_identify(src) by extension 'colcon_meta'
[0.234s] Level 1:colcon.colcon_core.package_identification:_identify(src) by extensions ['ros']
[0.234s] Level 1:colcon.colcon_core.package_identification:_identify(src) by extension 'ros'
[0.234s] Level 1:colcon.colcon_core.package_identification:_identify(src) by extensions ['cmake', 'python']
[0.234s] Level 1:colcon.colcon_core.package_identification:_identify(src) by extension 'cmake'
[0.234s] Level 1:colcon.colcon_core.package_identification:_identify(src) by extension 'python'
[0.234s] Level 1:colcon.colcon_core.package_identification:_identify(src) by extensions ['python_setup_py']
[0.234s] Level 1:colcon.colcon_core.package_identification:_identify(src) by extension 'python_setup_py'
[0.234s] Level 1:colcon.colcon_core.package_identification:_identify(src/mini_tesla_description) by extensions ['ignore', 'ignore_ament_install']
[0.234s] Level 1:colcon.colcon_core.package_identification:_identify(src/mini_tesla_description) by extension 'ignore'
[0.234s] Level 1:colcon.colcon_core.package_identification:_identify(src/mini_tesla_description) by extension 'ignore_ament_install'
[0.234s] Level 1:colcon.colcon_core.package_identification:_identify(src/mini_tesla_description) by extensions ['colcon_pkg']
[0.235s] Level 1:colcon.colcon_core.package_identification:_identify(src/mini_tesla_description) by extension 'colcon_pkg'
[0.235s] Level 1:colcon.colcon_core.package_identification:_identify(src/mini_tesla_description) by extensions ['colcon_meta']
[0.235s] Level 1:colcon.colcon_core.package_identification:_identify(src/mini_tesla_description) by extension 'colcon_meta'
[0.235s] Level 1:colcon.colcon_core.package_identification:_identify(src/mini_tesla_description) by extensions ['ros']
[0.235s] Level 1:colcon.colcon_core.package_identification:_identify(src/mini_tesla_description) by extension 'ros'
[0.238s] DEBUG:colcon.colcon_core.package_identification:Package 'src/mini_tesla_description' with type 'ros.ament_cmake' and name 'mini_tesla_description'
[0.238s] Level 1:colcon.colcon_core.package_identification:_identify(src/tesla_description) by extensions ['ignore', 'ignore_ament_install']
[0.238s] Level 1:colcon.colcon_core.package_identification:_identify(src/tesla_description) by extension 'ignore'
[0.238s] Level 1:colcon.colcon_core.package_identification:_identify(src/tesla_description) by extension 'ignore_ament_install'
[0.238s] Level 1:colcon.colcon_core.package_identification:_identify(src/tesla_description) by extensions ['colcon_pkg']
[0.238s] Level 1:colcon.colcon_core.package_identification:_identify(src/tesla_description) by extension 'colcon_pkg'
[0.238s] Level 1:colcon.colcon_core.package_identification:_identify(src/tesla_description) by extensions ['colcon_meta']
[0.238s] Level 1:colcon.colcon_core.package_identification:_identify(src/tesla_description) by extension 'colcon_meta'
[0.238s] Level 1:colcon.colcon_core.package_identification:_identify(src/tesla_description) by extensions ['ros']
[0.238s] Level 1:colcon.colcon_core.package_identification:_identify(src/tesla_description) by extension 'ros'
[0.239s] DEBUG:colcon.colcon_core.package_identification:Package 'src/tesla_description' with type 'ros.ament_cmake' and name 'tesla_description'
[0.239s] Level 1:colcon.colcon_core.package_discovery:discover_packages(recursive) using defaults
[0.239s] Level 1:colcon.colcon_core.package_discovery:discover_packages(ignore) discover
[0.239s] Level 1:colcon.colcon_core.package_discovery:discover_packages(ignore) using defaults
[0.239s] Level 1:colcon.colcon_core.package_discovery:discover_packages(path) discover
[0.239s] Level 1:colcon.colcon_core.package_discovery:discover_packages(path) using defaults
[0.262s] Level 5:colcon.colcon_core.verb:set package 'mini_tesla_description' build argument 'cmake_args' from command line to 'None'
[0.262s] Level 5:colcon.colcon_core.verb:set package 'mini_tesla_description' build argument 'cmake_target' from command line to 'None'
[0.262s] Level 5:colcon.colcon_core.verb:set package 'mini_tesla_description' build argument 'cmake_target_skip_unavailable' from command line to 'False'
[0.262s] Level 5:colcon.colcon_core.verb:set package 'mini_tesla_description' build argument 'cmake_clean_cache' from command line to 'False'
[0.262s] Level 5:colcon.colcon_core.verb:set package 'mini_tesla_description' build argument 'cmake_clean_first' from command line to 'False'
[0.263s] Level 5:colcon.colcon_core.verb:set package 'mini_tesla_description' build argument 'cmake_force_configure' from command line to 'False'
[0.263s] Level 5:colcon.colcon_core.verb:set package 'mini_tesla_description' build argument 'ament_cmake_args' from command line to 'None'
[0.263s] Level 5:colcon.colcon_core.verb:set package 'mini_tesla_description' build argument 'catkin_cmake_args' from command line to 'None'
[0.263s] Level 5:colcon.colcon_core.verb:set package 'mini_tesla_description' build argument 'catkin_skip_building_tests' from command line to 'False'
[0.263s] DEBUG:colcon.colcon_core.verb:Building package 'mini_tesla_description' with the following arguments: {'ament_cmake_args': None, 'build_base': '/root/ros2_ws/build/mini_tesla_description', 'catkin_cmake_args': None, 'catkin_skip_building_tests': False, 'cmake_args': None, 'cmake_clean_cache': False, 'cmake_clean_first': False, 'cmake_force_configure': False, 'cmake_target': None, 'cmake_target_skip_unavailable': False, 'install_base': '/root/ros2_ws/install/mini_tesla_description', 'merge_install': False, 'path': '/root/ros2_ws/src/mini_tesla_description', 'symlink_install': False, 'test_result_base': None}
[0.263s] Level 5:colcon.colcon_core.verb:set package 'tesla_description' build argument 'cmake_args' from command line to 'None'
[0.263s] Level 5:colcon.colcon_core.verb:set package 'tesla_description' build argument 'cmake_target' from command line to 'None'
[0.263s] Level 5:colcon.colcon_core.verb:set package 'tesla_description' build argument 'cmake_target_skip_unavailable' from command line to 'False'
[0.263s] Level 5:colcon.colcon_core.verb:set package 'tesla_description' build argument 'cmake_clean_cache' from command line to 'False'
[0.263s] Level 5:colcon.colcon_core.verb:set package 'tesla_description' build argument 'cmake_clean_first' from command line to 'False'
[0.263s] Level 5:colcon.colcon_core.verb:set package 'tesla_description' build argument 'cmake_force_configure' from command line to 'False'
[0.263s] Level 5:colcon.colcon_core.verb:set package 'tesla_description' build argument 'ament_cmake_args' from command line to 'None'
[0.263s] Level 5:colcon.colcon_core.verb:set package 'tesla_description' build argument 'catkin_cmake_args' from command line to 'None'
[0.263s] Level 5:colcon.colcon_core.verb:set package 'tesla_description' build argument 'catkin_skip_building_tests' from command line to 'False'
[0.263s] DEBUG:colcon.colcon_core.verb:Building package 'tesla_description' with the following arguments: {'ament_cmake_args': None, 'build_base': '/root/ros2_ws/build/tesla_description', 'catkin_cmake_args': None, 'catkin_skip_building_tests': False, 'cmake_args': None, 'cmake_clean_cache': False, 'cmake_clean_first': False, 'cmake_force_configure': False, 'cmake_target': None, 'cmake_target_skip_unavailable': False, 'install_base': '/root/ros2_ws/install/tesla_description', 'merge_install': False, 'path': '/root/ros2_ws/src/tesla_description', 'symlink_install': False, 'test_result_base': None}
[0.263s] INFO:colcon.colcon_core.executor:Executing jobs using 'parallel' executor
[0.265s] DEBUG:colcon.colcon_parallel_executor.executor.parallel:run_until_complete
[0.265s] INFO:colcon.colcon_ros.task.ament_cmake.build:Building ROS package in '/root/ros2_ws/src/mini_tesla_description' with build type 'ament_cmake'
[0.265s] INFO:colcon.colcon_cmake.task.cmake.build:Building CMake package in '/root/ros2_ws/src/mini_tesla_description'
[0.268s] INFO:colcon.colcon_core.plugin_system:Skipping extension 'colcon_core.shell.bat': Not used on non-Windows systems
[0.268s] INFO:colcon.colcon_core.shell:Skip shell extension 'powershell' for command environment: Not usable outside of PowerShell
[0.268s] DEBUG:colcon.colcon_core.shell:Skip shell extension 'dsv' for command environment
[0.275s] INFO:colcon.colcon_ros.task.ament_cmake.build:Building ROS package in '/root/ros2_ws/src/tesla_description' with build type 'ament_cmake'
[0.275s] INFO:colcon.colcon_cmake.task.cmake.build:Building CMake package in '/root/ros2_ws/src/tesla_description'
[0.275s] INFO:colcon.colcon_core.shell:Skip shell extension 'powershell' for command environment: Not usable outside of PowerShell
[0.275s] DEBUG:colcon.colcon_core.shell:Skip shell extension 'dsv' for command environment
[0.287s] DEBUG:colcon.colcon_core.event_handler.log_command:Invoking command in '/root/ros2_ws/build/mini_tesla_description': CMAKE_PREFIX_PATH=${CMAKE_PREFIX_PATH}:/opt/ros/jazzy /usr/bin/cmake --build /root/ros2_ws/build/mini_tesla_description -- -j16 -l16
[0.295s] DEBUG:colcon.colcon_core.event_handler.log_command:Invoking command in '/root/ros2_ws/build/tesla_description': CMAKE_PREFIX_PATH=${CMAKE_PREFIX_PATH}:/opt/ros/jazzy /usr/bin/cmake --build /root/ros2_ws/build/tesla_description -- -j16 -l16
[0.365s] DEBUG:colcon.colcon_core.event_handler.log_command:Invoked command in '/root/ros2_ws/build/mini_tesla_description' returned '0': CMAKE_PREFIX_PATH=${CMAKE_PREFIX_PATH}:/opt/ros/jazzy /usr/bin/cmake --build /root/ros2_ws/build/mini_tesla_description -- -j16 -l16
[0.386s] DEBUG:colcon.colcon_core.event_handler.log_command:Invoking command in '/root/ros2_ws/build/mini_tesla_description': CMAKE_PREFIX_PATH=${CMAKE_PREFIX_PATH}:/opt/ros/jazzy /usr/bin/cmake --install /root/ros2_ws/build/mini_tesla_description
[0.388s] DEBUG:colcon.colcon_core.event_handler.log_command:Invoked command in '/root/ros2_ws/build/tesla_description' returned '0': CMAKE_PREFIX_PATH=${CMAKE_PREFIX_PATH}:/opt/ros/jazzy /usr/bin/cmake --build /root/ros2_ws/build/tesla_description -- -j16 -l16
[0.389s] DEBUG:colcon.colcon_core.event_handler.log_command:Invoking command in '/root/ros2_ws/build/tesla_description': CMAKE_PREFIX_PATH=${CMAKE_PREFIX_PATH}:/opt/ros/jazzy /usr/bin/cmake --install /root/ros2_ws/build/tesla_description
[0.409s] Level 1:colcon.colcon_core.environment:create_environment_scripts_only(mini_tesla_description)
[0.416s] DEBUG:colcon.colcon_core.event_handler.log_command:Invoked command in '/root/ros2_ws/build/mini_tesla_description' returned '0': CMAKE_PREFIX_PATH=${CMAKE_PREFIX_PATH}:/opt/ros/jazzy /usr/bin/cmake --install /root/ros2_ws/build/mini_tesla_description
[0.416s] Level 1:colcon.colcon_core.environment:checking '/root/ros2_ws/install/mini_tesla_description' for CMake module files
[0.417s] Level 1:colcon.colcon_core.environment:checking '/root/ros2_ws/install/mini_tesla_description' for CMake config files
[0.417s] Level 1:colcon.colcon_core.shell:create_environment_hook('mini_tesla_description', 'cmake_prefix_path')
[0.418s] INFO:colcon.colcon_core.shell:Creating environment hook '/root/ros2_ws/install/mini_tesla_description/share/mini_tesla_description/hook/cmake_prefix_path.ps1'
[0.419s] INFO:colcon.colcon_core.shell:Creating environment descriptor '/root/ros2_ws/install/mini_tesla_description/share/mini_tesla_description/hook/cmake_prefix_path.dsv'
[0.419s] INFO:colcon.colcon_core.shell:Creating environment hook '/root/ros2_ws/install/mini_tesla_description/share/mini_tesla_description/hook/cmake_prefix_path.sh'
[0.420s] Level 1:colcon.colcon_core.environment:checking '/root/ros2_ws/install/mini_tesla_description/lib'
[0.421s] Level 1:colcon.colcon_core.environment:checking '/root/ros2_ws/install/mini_tesla_description/bin'
[0.421s] Level 1:colcon.colcon_core.environment:checking '/root/ros2_ws/install/mini_tesla_description/lib/pkgconfig/mini_tesla_description.pc'
[0.424s] Level 1:colcon.colcon_core.environment:checking '/root/ros2_ws/install/mini_tesla_description/lib/python3.12/site-packages'
[0.424s] Level 1:colcon.colcon_core.environment:checking '/root/ros2_ws/install/mini_tesla_description/bin'
[0.425s] INFO:colcon.colcon_core.shell:Creating package script '/root/ros2_ws/install/mini_tesla_description/share/mini_tesla_description/package.ps1'
[0.426s] INFO:colcon.colcon_core.shell:Creating package descriptor '/root/ros2_ws/install/mini_tesla_description/share/mini_tesla_description/package.dsv'
[0.427s] INFO:colcon.colcon_core.shell:Creating package script '/root/ros2_ws/install/mini_tesla_description/share/mini_tesla_description/package.sh'
[0.428s] INFO:colcon.colcon_core.shell:Creating package script '/root/ros2_ws/install/mini_tesla_description/share/mini_tesla_description/package.bash'
[0.428s] INFO:colcon.colcon_core.shell:Creating package script '/root/ros2_ws/install/mini_tesla_description/share/mini_tesla_description/package.zsh'
[0.429s] Level 1:colcon.colcon_core.environment:create_file_with_runtime_dependencies(/root/ros2_ws/install/mini_tesla_description/share/colcon-core/packages/mini_tesla_description)
[0.430s] Level 1:colcon.colcon_core.environment:create_environment_scripts_only(mini_tesla_description)
[0.430s] Level 1:colcon.colcon_core.environment:checking '/root/ros2_ws/install/mini_tesla_description' for CMake module files
[0.431s] Level 1:colcon.colcon_core.environment:checking '/root/ros2_ws/install/mini_tesla_description' for CMake config files
[0.431s] Level 1:colcon.colcon_core.shell:create_environment_hook('mini_tesla_description', 'cmake_prefix_path')
[0.431s] INFO:colcon.colcon_core.shell:Creating environment hook '/root/ros2_ws/install/mini_tesla_description/share/mini_tesla_description/hook/cmake_prefix_path.ps1'
[0.432s] INFO:colcon.colcon_core.shell:Creating environment descriptor '/root/ros2_ws/install/mini_tesla_description/share/mini_tesla_description/hook/cmake_prefix_path.dsv'
[0.432s] INFO:colcon.colcon_core.shell:Creating environment hook '/root/ros2_ws/install/mini_tesla_description/share/mini_tesla_description/hook/cmake_prefix_path.sh'
[0.434s] Level 1:colcon.colcon_core.environment:checking '/root/ros2_ws/install/mini_tesla_description/lib'
[0.434s] Level 1:colcon.colcon_core.environment:checking '/root/ros2_ws/install/mini_tesla_description/bin'
[0.434s] Level 1:colcon.colcon_core.environment:checking '/root/ros2_ws/install/mini_tesla_description/lib/pkgconfig/mini_tesla_description.pc'
[0.434s] Level 1:colcon.colcon_core.environment:checking '/root/ros2_ws/install/mini_tesla_description/lib/python3.12/site-packages'
[0.435s] Level 1:colcon.colcon_core.environment:checking '/root/ros2_ws/install/mini_tesla_description/bin'
[0.435s] INFO:colcon.colcon_core.shell:Creating package script '/root/ros2_ws/install/mini_tesla_description/share/mini_tesla_description/package.ps1'
[0.435s] INFO:colcon.colcon_core.shell:Creating package descriptor '/root/ros2_ws/install/mini_tesla_description/share/mini_tesla_description/package.dsv'
[0.436s] INFO:colcon.colcon_core.shell:Creating package script '/root/ros2_ws/install/mini_tesla_description/share/mini_tesla_description/package.sh'
[0.436s] INFO:colcon.colcon_core.shell:Creating package script '/root/ros2_ws/install/mini_tesla_description/share/mini_tesla_description/package.bash'
[0.437s] INFO:colcon.colcon_core.shell:Creating package script '/root/ros2_ws/install/mini_tesla_description/share/mini_tesla_description/package.zsh'
[0.437s] Level 1:colcon.colcon_core.environment:create_file_with_runtime_dependencies(/root/ros2_ws/install/mini_tesla_description/share/colcon-core/packages/mini_tesla_description)
[0.438s] Level 1:colcon.colcon_core.environment:create_environment_scripts_only(tesla_description)
[0.438s] Level 1:colcon.colcon_core.environment:checking '/root/ros2_ws/install/tesla_description' for CMake module files
[0.439s] Level 1:colcon.colcon_core.environment:checking '/root/ros2_ws/install/tesla_description' for CMake config files
[0.440s] DEBUG:colcon.colcon_core.event_handler.log_command:Invoked command in '/root/ros2_ws/build/tesla_description' returned '0': CMAKE_PREFIX_PATH=${CMAKE_PREFIX_PATH}:/opt/ros/jazzy /usr/bin/cmake --install /root/ros2_ws/build/tesla_description
[0.440s] Level 1:colcon.colcon_core.shell:create_environment_hook('tesla_description', 'cmake_prefix_path')
[0.440s] INFO:colcon.colcon_core.shell:Creating environment hook '/root/ros2_ws/install/tesla_description/share/tesla_description/hook/cmake_prefix_path.ps1'
[0.441s] INFO:colcon.colcon_core.shell:Creating environment descriptor '/root/ros2_ws/install/tesla_description/share/tesla_description/hook/cmake_prefix_path.dsv'
[0.441s] INFO:colcon.colcon_core.shell:Creating environment hook '/root/ros2_ws/install/tesla_description/share/tesla_description/hook/cmake_prefix_path.sh'
[0.442s] Level 1:colcon.colcon_core.environment:checking '/root/ros2_ws/install/tesla_description/bin'
[0.442s] Level 1:colcon.colcon_core.environment:checking '/root/ros2_ws/install/tesla_description/lib/pkgconfig/tesla_description.pc'
[0.442s] Level 1:colcon.colcon_core.environment:checking '/root/ros2_ws/install/tesla_description/lib/python3.12/site-packages'
[0.443s] Level 1:colcon.colcon_core.environment:checking '/root/ros2_ws/install/tesla_description/bin'
[0.443s] INFO:colcon.colcon_core.shell:Creating package script '/root/ros2_ws/install/tesla_description/share/tesla_description/package.ps1'
[0.444s] INFO:colcon.colcon_core.shell:Creating package descriptor '/root/ros2_ws/install/tesla_description/share/tesla_description/package.dsv'
[0.444s] INFO:colcon.colcon_core.shell:Creating package script '/root/ros2_ws/install/tesla_description/share/tesla_description/package.sh'
[0.445s] INFO:colcon.colcon_core.shell:Creating package script '/root/ros2_ws/install/tesla_description/share/tesla_description/package.bash'
[0.445s] INFO:colcon.colcon_core.shell:Creating package script '/root/ros2_ws/install/tesla_description/share/tesla_description/package.zsh'
[0.445s] Level 1:colcon.colcon_core.environment:create_file_with_runtime_dependencies(/root/ros2_ws/install/tesla_description/share/colcon-core/packages/tesla_description)
[0.446s] Level 1:colcon.colcon_core.environment:create_environment_scripts_only(tesla_description)
[0.446s] Level 1:colcon.colcon_core.environment:checking '/root/ros2_ws/install/tesla_description' for CMake module files
[0.447s] Level 1:colcon.colcon_core.environment:checking '/root/ros2_ws/install/tesla_description' for CMake config files
[0.447s] Level 1:colcon.colcon_core.shell:create_environment_hook('tesla_description', 'cmake_prefix_path')
[0.447s] INFO:colcon.colcon_core.shell:Creating environment hook '/root/ros2_ws/install/tesla_description/share/tesla_description/hook/cmake_prefix_path.ps1'
[0.448s] INFO:colcon.colcon_core.shell:Creating environment descriptor '/root/ros2_ws/install/tesla_description/share/tesla_description/hook/cmake_prefix_path.dsv'
[0.448s] INFO:colcon.colcon_core.shell:Creating environment hook '/root/ros2_ws/install/tesla_description/share/tesla_description/hook/cmake_prefix_path.sh'
[0.449s] Level 1:colcon.colcon_core.environment:checking '/root/ros2_ws/install/tesla_description/bin'
[0.449s] Level 1:colcon.colcon_core.environment:checking '/root/ros2_ws/install/tesla_description/lib/pkgconfig/tesla_description.pc'
[0.449s] Level 1:colcon.colcon_core.environment:checking '/root/ros2_ws/install/tesla_description/lib/python3.12/site-packages'
[0.449s] Level 1:colcon.colcon_core.environment:checking '/root/ros2_ws/install/tesla_description/bin'
[0.450s] INFO:colcon.colcon_core.shell:Creating package script '/root/ros2_ws/install/tesla_description/share/tesla_description/package.ps1'
[0.450s] INFO:colcon.colcon_core.shell:Creating package descriptor '/root/ros2_ws/install/tesla_description/share/tesla_description/package.dsv'
[0.451s] INFO:colcon.colcon_core.shell:Creating package script '/root/ros2_ws/install/tesla_description/share/tesla_description/package.sh'
[0.451s] INFO:colcon.colcon_core.shell:Creating package script '/root/ros2_ws/install/tesla_description/share/tesla_description/package.bash'
[0.452s] INFO:colcon.colcon_core.shell:Creating package script '/root/ros2_ws/install/tesla_description/share/tesla_description/package.zsh'
[0.452s] Level 1:colcon.colcon_core.environment:create_file_with_runtime_dependencies(/root/ros2_ws/install/tesla_description/share/colcon-core/packages/tesla_description)
[0.453s] DEBUG:colcon.colcon_parallel_executor.executor.parallel:closing loop
[0.453s] DEBUG:colcon.colcon_parallel_executor.executor.parallel:loop closed
[0.454s] DEBUG:colcon.colcon_parallel_executor.executor.parallel:run_until_complete finished with '0'
[0.454s] DEBUG:colcon.colcon_core.event_reactor:joining thread
[0.471s] INFO:colcon.colcon_core.plugin_system:Skipping extension 'colcon_notification.desktop_notification.notify_send': Could not find 'notify-send'
[0.471s] INFO:colcon.colcon_core.plugin_system:Skipping extension 'colcon_notification.desktop_notification.terminal_notifier': Not used on non-Darwin systems
[0.471s] INFO:colcon.colcon_core.plugin_system:Skipping extension 'colcon_notification.desktop_notification.win32': Not used on non-Windows systems
[0.471s] INFO:colcon.colcon_notification.desktop_notification:Sending desktop notification using 'notify2'
[0.476s] DEBUG:colcon.colcon_notification.desktop_notification.notify2:Failed to initialize notify2: org.freedesktop.DBus.Error.Spawn.ExecFailed: /usr/bin/dbus-launch terminated abnormally without any error message
[0.476s] DEBUG:colcon.colcon_core.event_reactor:joined thread
[0.477s] INFO:colcon.colcon_core.shell:Creating prefix script '/root/ros2_ws/install/local_setup.ps1'
[0.478s] INFO:colcon.colcon_core.shell:Creating prefix util module '/root/ros2_ws/install/_local_setup_util_ps1.py'
[0.480s] INFO:colcon.colcon_core.shell:Creating prefix chain script '/root/ros2_ws/install/setup.ps1'
[0.482s] INFO:colcon.colcon_core.shell:Creating prefix script '/root/ros2_ws/install/local_setup.sh'
[0.482s] INFO:colcon.colcon_core.shell:Creating prefix util module '/root/ros2_ws/install/_local_setup_util_sh.py'
[0.483s] INFO:colcon.colcon_core.shell:Creating prefix chain script '/root/ros2_ws/install/setup.sh'
[0.485s] INFO:colcon.colcon_core.shell:Creating prefix script '/root/ros2_ws/install/local_setup.bash'
[0.485s] INFO:colcon.colcon_core.shell:Creating prefix chain script '/root/ros2_ws/install/setup.bash'
[0.488s] INFO:colcon.colcon_core.shell:Creating prefix script '/root/ros2_ws/install/local_setup.zsh'
[0.489s] INFO:colcon.colcon_core.shell:Creating prefix chain script '/root/ros2_ws/install/setup.zsh'
